******************************************************************************
                  TI ARM Linker Unix v20.2.5                   
******************************************************************************
>> Linked Sun Jan 16 17:29:03 2022

OUTPUT FILE NAME:   <pwmled_EK_TM4C123GXL_TI2_JJM_RED_LED_MIN.out>
ENTRY POINT SYMBOL: "_c_int00"  address: 000034d9


MEMORY CONFIGURATION

         name            origin    length      used     unused   attr    fill
----------------------  --------  ---------  --------  --------  ----  --------
  FLASH                 00000000   00040000  00007188  00038e78  R  X
  SRAM                  20000000   00008000  00001aea  00006516  RW X


SEGMENT ALLOCATION MAP

run origin  load origin   length   init length attrs members
----------  ----------- ---------- ----------- ----- -------
00000000    00000000    00007190   00007190    r-x
  00000000    00000000    0000003c   0000003c    r-- .resetVecs
  00000040    00000040    00005012   00005012    r-x .text
  00005054    00005054    00001f2a   00001f2a    r-- .const
  00006f80    00006f80    00000210   00000210    r-- .cinit
20000000    20000000    00001af0   00000000    rw-
  20000000    20000000    00000360   00000000    rw- .vecs
  20000360    20000360    0000105c   00000000    rw- .bss
  200013bc    200013bc    0000042e   00000000    rw- .data
  200017f0    200017f0    00000300   00000000    rw- .stack


SECTION ALLOCATION MAP

 output                                  attributes/
section   page    origin      length       input sections
--------  ----  ----------  ----------   ----------------
.text      0    00000040    00005012     
                  00000040    00000430     sysbios.aem4f : BIOS.obj (.text:ti_sysbios_family_arm_m3_Hwi_excDumpRegs__I)
                  00000470    0000034c     ti.targets.arm.rtsarm.aem4f : System.oem4f (.text:xdc_runtime_System_doPrint__I)
                  000007bc    00000004     rtsv7M4_T_le_v4SPD16_eabi.lib : exit.c.obj (.text:abort:abort)
                  000007c0    000001f4     sysbios.aem4f : BIOS.obj (.text:ti_sysbios_family_arm_m3_Hwi_excHandlerMax__I)
                  000009b4    00000004     pwmled_pem4f.oem4f (.text:ti_sysbios_BIOS_RtsGateProxy_enter__E)
                  000009b8    00000174     sysbios.aem4f : BIOS.obj (.text:ti_sysbios_family_arm_m3_Hwi_excBusFault__I)
                  00000b2c    00000170     drivers_tivaware.aem4f : PWMTiva.oem4f (.text:PWMTiva_open)
                  00000c9c    00000004     pwmled_pem4f.oem4f (.text:ti_sysbios_BIOS_RtsGateProxy_leave__E)
                  00000ca0    00000164     sysbios.aem4f : BIOS.obj (.text:ti_sysbios_family_arm_m3_Hwi_excUsageFault__I)
                  00000e04    00000004                   : BIOS.obj (.text:ti_sysbios_family_arm_lm4_Timer_masterEnable__I)
                  00000e08    00000154                   : BIOS.obj (.text:ti_sysbios_knl_Semaphore_pend__E)
                  00000f5c    00000150     drivers_tivaware.aem4f : GPIOTiva.oem4f (.text:GPIO_setConfig)
                  000010ac    00000004     pwmled_pem4f.oem4f (.text:ti_sysbios_family_arm_m3_TaskSupport_Module__startupDone__S)
                  000010b0    00000148     sysbios.aem4f : BIOS.obj (.text:ti_sysbios_family_arm_m3_Hwi_excMemFault__I)
                  000011f8    00000130     driverlib.lib : gpio.obj (.text:GPIOPadConfigSet)
                  00001328    00000118     ti.targets.arm.rtsarm.aem4f : Error.oem4f (.text:xdc_runtime_Error_policyDefault__E)
                  00001440    00000110     pwmled.obj (.text:main)
                  00001550    00000108     sysbios.aem4f : BIOS.obj (.text:ti_sysbios_family_arm_lm4_Timer_start__E)
                  00001658    00000100     Boot.aem4f : Boot_sysctl.oem4f (.text:ti_catalog_arm_cortexm4_tiva_ce_Boot_sysCtlClockSetI__I)
                  00001758    00000100     ti.targets.arm.rtsarm.aem4f : Core-mem.oem4f (.text:xdc_runtime_Core_createObject__I)
                  00001858    000000f8                                 : Startup.oem4f (.text:xdc_runtime_Startup_startMods__I)
                  00001950    000000f8     pwmled_pem4f.oem4f (.text:xdc_runtime_System_printfExtend__I)
                  00001a48    000000f4     sysbios.aem4f : m3_Hwi_asm.obj (.text:ti_sysbios_family_arm_m3_Hwi_dispatch__I)
                  00001b3c    000000f0     drivers_tivaware.aem4f : PWMTiva.oem4f (.text:PWMTiva_setDuty)
                  00001c2c    000000ea     pwmled.obj (.text:pwmLEDFxn)
                  00001d16    00000002     rtsv7M4_T_le_v4SPD16_eabi.lib : _lock.c.obj (.text:_nop)
                  00001d18    000000dc     sysbios.aem4f : BIOS.obj (.text:ti_sysbios_knl_Task_sleep__E)
                  00001df4    00000004     pwmled_pem4f.oem4f (.text:ti_sysbios_heaps_HeapMem_Module_GateProxy_enter__E)
                  00001df8    000000d4     sysbios.aem4f : BIOS.obj (.text:ti_sysbios_heaps_HeapMem_alloc__E)
                  00001ecc    00000004     pwmled_pem4f.oem4f (.text:ti_sysbios_heaps_HeapMem_Module_GateProxy_leave__E)
                  00001ed0    000000cc     sysbios.aem4f : BIOS.obj (.text:ti_sysbios_knl_Task_Instance_init__E)
                  00001f9c    000000cc     ti.targets.arm.rtsarm.aem4f : Core-smem.oem4f (.text:xdc_runtime_Core_constructObject__I)
                  00002068    000000bc     sysbios.aem4f : BIOS.obj (.text:ti_sysbios_family_arm_m3_Hwi_excDebugMon__I)
                  00002124    00000004     pwmled_pem4f.oem4f (.text:ti_sysbios_knl_Clock_TimerProxy_getMaxTicks__E)
                  00002128    000000bc     sysbios.aem4f : BIOS.obj (.text:ti_sysbios_family_arm_m3_Hwi_excHardFault__I)
                  000021e4    00000004     pwmled_pem4f.oem4f (.text:ti_sysbios_knl_Queue_destruct)
                  000021e8    000000bc     sysbios.aem4f : BIOS.obj (.text:ti_sysbios_knl_Task_Instance_finalize__E)
                  000022a4    00000004     pwmled_pem4f.oem4f (.text:ti_sysbios_knl_Semaphore_destruct)
                  000022a8    000000b4     sysbios.aem4f : BIOS.obj (.text:ti_sysbios_knl_Task_checkStacks__E)
                  0000235c    00000004     ti.targets.arm.rtsarm.aem4f : Error.oem4f (.text:xdc_runtime_Error_getSite__E)
                  00002360    000000ac     sysbios.aem4f : BIOS.obj (.text:ti_sysbios_family_arm_lm4_Timer_enableTiva__I)
                  0000240c    000000a0     auto_init.aem4f : auto_init.oem4f (.text)
                  000024ac    000000a0     ti.targets.arm.rtsarm.aem4f : Text.oem4f (.text:xdc_runtime_Text_putMod__E)
                  0000254c    0000009c     rtsv7M4_T_le_v4SPD16_eabi.lib : memcpy_t2.asm.obj (.text)
                  000025e8    0000009a     ti.targets.arm.rtsarm.aem4f : Text.oem4f (.text:xdc_runtime_Text_putSite__E)
                  00002682    00000002     rtsv7M4_T_le_v4SPD16_eabi.lib : div0.asm.obj (.text)
                  00002684    00000098     Boot.aem4f : Boot.oem4f (.text:ti_catalog_arm_cortexm4_tiva_ce_Boot_sysCtlClockSet__E)
                  0000271c    00000004     pwmled_pem4f.oem4f (.text:xdc_runtime_System_Module_GateProxy_enter__E)
                  00002720    00000094     sysbios.aem4f : BIOS.obj (.text:ti_sysbios_family_arm_m3_Hwi_Instance_init__E)
                  000027b4    00000004     pwmled_pem4f.oem4f (.text:xdc_runtime_System_Module_GateProxy_leave__E)
                  000027b8    00000094     sysbios.aem4f : BIOS.obj (.text:ti_sysbios_family_arm_m3_Hwi_initNVIC__E)
                  0000284c    00000004     ti.targets.arm.rtsarm.aem4f : System.oem4f (.text:xdc_runtime_System_aprintf_va__F)
                  00002850    00000094     sysbios.aem4f : BIOS.obj (.text:ti_sysbios_knl_Task_postInit__I)
                  000028e4    0000008c     drivers_tivaware.aem4f : GPIOTiva.oem4f (.text:GPIO_init)
                  00002970    0000008c     sysbios.aem4f : m3_TaskSupport_asm.obj (.text:ti_sysbios_family_arm_m3_TaskSupport_buildTaskStack)
                  000029fc    00000088     drivers_tivaware.aem4f : PWMTiva.oem4f (.text:PWMTiva_control)
                  00002a84    00000004     ti.targets.arm.rtsarm.aem4f : System.oem4f (.text:xdc_runtime_System_printf_va__F)
                  00002a88    00000084     sysbios.aem4f : BIOS.obj (.text:ti_sysbios_family_arm_m3_Hwi_postInit__I)
                  00002b0c    00000002     pwmled_pem4f.oem4f (.text:ti_sysbios_BIOS_nullFunc__I)
                  00002b0e    00000002     pwmled_pem4f.oem4f (.text:xdc_runtime_Startup_reset__I)
                  00002b10    0000007c     sysbios.aem4f : BIOS.obj (.text:ti_sysbios_heaps_HeapMem_free__E)
                  00002b8c    0000007a     rtsv7M4_T_le_v4SPD16_eabi.lib : memset_t2.asm.obj (.text)
                  00002c06    00000002     --HOLE-- [fill = 0]
                  00002c08    00000075     pwmled.obj (.text:distSensorFxn)
                  00002c7d    00000003     --HOLE-- [fill = 0]
                  00002c80    00000070     sysbios.aem4f : BIOS.obj (.text:ti_sysbios_knl_Clock_workFunc__E)
                  00002cf0    00000070                   : BIOS.obj (.text:ti_sysbios_knl_Task_exit__E)
                  00002d60    0000006d     ti.targets.arm.rtsarm.aem4f : System.oem4f (.text:xdc_runtime_System_formatNum__I)
                  00002dcd    00000003     --HOLE-- [fill = 0]
                  00002dd0    0000006c     sysbios.aem4f : BIOS.obj (.text:ti_sysbios_knl_Swi_restoreHwi__E)
                  00002e3c    0000006c     ti.targets.arm.rtsarm.aem4f : Error.oem4f (.text:xdc_runtime_Error_print__E)
                  00002ea8    0000006c                                 : Memory.oem4f (.text:xdc_runtime_Memory_alloc__E)
                  00002f14    0000006a     drivers_tivaware.aem4f : PWMTiva.oem4f (.text:PWMTiva_close)
                  00002f7e    00000068     rtsv7M4_T_le_v4SPD16_eabi.lib : copy_decompress_lzss.c.obj (.text:decompress:lzss:__TI_decompress_lzss)
                  00002fe6    00000066     ti.targets.arm.rtsarm.aem4f : Core-mem.oem4f (.text:xdc_runtime_Core_deleteObject__I)
                  0000304c    00000064     drivers_tivaware.aem4f : GPIOTiva.oem4f (.text:GPIO_hwiIntFxn)
                  000030b0    00000064     sysbios.aem4f : BIOS.obj (.text:ti_sysbios_family_arm_lm4_Timer_Module_startup__E)
                  00003114    00000064     pwmled_pem4f.oem4f (.text:ti_sysbios_family_arm_m3_Hwi_create)
                  00003178    00000064     sysbios.aem4f : BIOS.obj (.text:ti_sysbios_family_arm_m3_Hwi_dispatchC__I)
                  000031dc    00000004     --HOLE-- [fill = 0]
                  000031e0    00000064                   : BIOS.obj (.text:ti_sysbios_knl_Semaphore_post__E)
                  00003244    00000004     --HOLE-- [fill = 0]
                  00003248    00000060                   : BIOS.obj (.text:ti_sysbios_knl_Task_schedule__I)
                  000032a8    0000005c                   : BIOS.obj (.text:ti_sysbios_knl_Swi_run__I)
                  00003304    00000004     --HOLE-- [fill = 0]
                  00003308    0000005c                   : BIOS.obj (.text:ti_sysbios_knl_Swi_schedule__I)
                  00003364    00000004     --HOLE-- [fill = 0]
                  00003368    0000005c                   : BIOS.obj (.text:ti_sysbios_knl_Task_Module_startup__E)
                  000033c4    00000004     --HOLE-- [fill = 0]
                  000033c8    0000005c                   : BIOS.obj (.text:ti_sysbios_knl_Task_startCore__E)
                  00003424    0000005b     ti.targets.arm.rtsarm.aem4f : Text.oem4f (.text:xdc_runtime_Text_putLab__E)
                  0000347f    00000001     --HOLE-- [fill = 0]
                  00003480    00000058     rtsv7M4_T_le_v4SPD16_eabi.lib : hostwrite.c.obj (.text:HOSTwrite)
                  000034d8    00000058     boot.aem4f : boot.oem4f (.text)
                  00003530    00000058     sysbios.aem4f : m3_Hwi_asm_switch.obj (.text:ti_sysbios_family_arm_m3_Hwi_initStacks__E)
                  00003588    00000056     driverlib.lib : gpio.obj (.text:GPIOIntTypeSet)
                  000035de    00000002     --HOLE-- [fill = 0]
                  000035e0    00000054     EK_TM4C123GXL.obj (.text:EK_TM4C123GXL_initPWM)
                  00003634    00000004     --HOLE-- [fill = 0]
                  00003638    00000054     sysbios.aem4f : BIOS.obj (.text:ti_sysbios_family_arm_lm4_Timer_initDevice__I)
                  0000368c    00000054     pwmled_pem4f.oem4f (.text:ti_sysbios_knl_Task_construct)
                  000036e0    00000054     ti.targets.arm.rtsarm.aem4f : Assert.oem4f (.text:xdc_runtime_Assert_raise__I)
                  00003734    00000050     drivers_tivaware.aem4f : GPIOTiva.oem4f (.text:GPIO_setCallback)
                  00003784    00000050                            : GPIOTiva.oem4f (.text:GPIO_write)
                  000037d4    00000004     --HOLE-- [fill = 0]
                  000037d8    00000050     sysbios.aem4f : BIOS.obj (.text:ti_sysbios_family_arm_m3_Hwi_Module_startup__E)
                  00003828    00000050     ti.targets.arm.rtsarm.aem4f : Startup.oem4f (.text:xdc_runtime_Startup_exec__E)
                  00003878    00000050                                 : Text.oem4f (.text:xdc_runtime_Text_visitRope2__I)
                  000038c8    0000004c     rtsv7M4_T_le_v4SPD16_eabi.lib : cpy_tbl.c.obj (.text:copy_in)
                  00003914    00000004     --HOLE-- [fill = 0]
                  00003918    0000004c     sysbios.aem4f : BIOS.obj (.text:ti_sysbios_heaps_HeapMem_getStats__E)
                  00003964    00000004     --HOLE-- [fill = 0]
                  00003968    0000004c                   : BIOS.obj (.text:ti_sysbios_knl_Swi_runLoop__I)
                  000039b4    00000004     --HOLE-- [fill = 0]
                  000039b8    0000004c                   : BIOS.obj (.text:ti_sysbios_knl_Task_allBlockedFunction__I)
                  00003a04    00000048     driverlib.lib : gpio.obj (.text:GPIOPinConfigure)
                  00003a4c    00000004     --HOLE-- [fill = 0]
                  00003a50    00000048     sysbios.aem4f : BIOS.obj (.text:ti_sysbios_family_arm_lm4_Timer_enableTimers__I)
                  00003a98    00000048                   : BIOS.obj (.text:ti_sysbios_family_arm_m3_Hwi_disableInterrupt__E)
                  00003ae0    00000048                   : BIOS.obj (.text:ti_sysbios_family_arm_m3_Hwi_enableInterrupt__E)
                  00003b28    00000048                   : BIOS.obj (.text:ti_sysbios_family_arm_m3_Hwi_excReserved__I)
                  00003b70    00000046     ti.targets.arm.rtsarm.aem4f : Core-params.oem4f (.text:xdc_runtime_Core_assignParams__I)
                  00003bb6    00000002     --HOLE-- [fill = 0]
                  00003bb8    00000044     sysbios.aem4f : BIOS.obj (.text:ti_sysbios_family_arm_lm4_Timer_isrStub__E)
                  00003bfc    00000004     --HOLE-- [fill = 0]
                  00003c00    00000044                   : BIOS.obj (.text:ti_sysbios_family_arm_m3_Hwi_getStackInfo__E)
                  00003c44    00000004     --HOLE-- [fill = 0]
                  00003c48    00000044                   : BIOS.obj (.text:ti_sysbios_knl_Swi_post__E)
                  00003c8c    00000044     ti.targets.arm.rtsarm.aem4f : Error.oem4f (.text:xdc_runtime_Error_setX__E)
                  00003cd0    00000044                                 : SysMin.oem4f (.text:xdc_runtime_SysMin_flush__E)
                  00003d14    00000044                                 : Text.oem4f (.text:xdc_runtime_Text_xprintf__I)
                  00003d58    00000040     EK_TM4C123GXL.obj (.text:EK_TM4C123GXL_initGeneral)
                  00003d98    00000040     rtsv7M4_T_le_v4SPD16_eabi.lib : u_divt2.asm.obj (.text)
                  00003dd8    00000040     sysbios.aem4f : BIOS.obj (.text:ti_sysbios_family_arm_lm4_Timer_startup__E)
                  00003e18    00000040                   : BIOS.obj (.text:ti_sysbios_heaps_HeapMem_Instance_init__E)
                  00003e58    0000003c                   : BIOS.obj (.text:ti_sysbios_family_arm_m3_Hwi_excSvCall__I)
                  00003e94    00000004     --HOLE-- [fill = 0]
                  00003e98    0000003c                   : BIOS.obj (.text:ti_sysbios_heaps_HeapMem_init__I)
                  00003ed4    00000004     --HOLE-- [fill = 0]
                  00003ed8    0000003c                   : BIOS.obj (.text:ti_sysbios_knl_Swi_restore__E)
                  00003f14    00000038     drivers_tivaware.aem4f : PWM.oem4f (.text:PWM_init)
                  00003f4c    00000038     rtsv7M4_T_le_v4SPD16_eabi.lib : trgmsg.c.obj (.text:__TI_writemsg)
                  00003f84    00000004     --HOLE-- [fill = 0]
                  00003f88    00000038     sysbios.aem4f : BIOS.obj (.text:ti_sysbios_family_arm_m3_Hwi_excNoIsr__I)
                  00003fc0    00000038                   : BIOS.obj (.text:ti_sysbios_knl_Task_processVitalTaskFlag__I)
                  00003ff8    00000038     ti.targets.arm.rtsarm.aem4f : SysMin.oem4f (.text:xdc_runtime_SysMin_putch__E)
                  00004030    00000038                                 : System.oem4f (.text:xdc_runtime_System_atexit__E)
                  00004068    00000034     driverlib.lib : sysctl.obj (.text:SysCtlPeripheralEnable)
                  0000409c    00000034     rtsv7M4_T_le_v4SPD16_eabi.lib : trgmsg.c.obj (.text:__TI_readmsg)
                  000040d0    00000034     sysbios.aem4f : BIOS.obj (.text:ti_sysbios_family_arm_m3_Hwi_Instance_finalize__E)
                  00004104    00000004     --HOLE-- [fill = 0]
                  00004108    00000034                   : BIOS.obj (.text:ti_sysbios_family_arm_m3_Hwi_excNmi__I)
                  0000413c    00000004     --HOLE-- [fill = 0]
                  00004140    00000034                   : BIOS.obj (.text:ti_sysbios_hal_Hwi_checkStack)
                  00004174    00000034     ti.targets.arm.rtsarm.aem4f : Core-label.oem4f (.text:xdc_runtime_Core_assignLabel__I)
                  000041a8    00000033                                 : Text.oem4f (.text:xdc_runtime_Text_printVisFxn__I)
                  000041db    00000005     --HOLE-- [fill = 0]
                  000041e0    00000032     sysbios.aem4f : BIOS.obj (.text:ti_sysbios_hal_Hwi_initStack)
                  00004212    00000002     --HOLE-- [fill = 0]
                  00004214    00000030     drivers_tivaware.aem4f : PWMTiva.oem4f (.text:PWMTiva_init)
                  00004244    00000030                            : PWM.oem4f (.text:PWM_open)
                  00004274    00000030     pwmled_pem4f.oem4f (.text:ti_sysbios_BIOS_atExitFunc__I)
                  000042a4    00000004     --HOLE-- [fill = 0]
                  000042a8    00000030     sysbios.aem4f : BIOS.obj (.text:ti_sysbios_family_arm_lm4_Timer_stop__E)
                  000042d8    00000030                   : BIOS.obj (.text:ti_sysbios_family_arm_m3_TaskSupport_start__E)
                  00004308    00000030     pwmled_pem4f.oem4f (.text:ti_sysbios_gates_GateHwi_Object__create__S)
                  00004338    00000030     pwmled_pem4f.oem4f (.text:ti_sysbios_gates_GateMutex_Object__create__S)
                  00004368    00000030     sysbios.aem4f : BIOS.obj (.text:ti_sysbios_gates_GateMutex_enter__E)
                  00004398    00000030     pwmled_pem4f.oem4f (.text:ti_sysbios_heaps_HeapMem_Object__create__S)
                  000043c8    00000030     pwmled_pem4f.oem4f (.text:ti_sysbios_knl_Semaphore_construct)
                  000043f8    00000030     sysbios.aem4f : BIOS.obj (.text:ti_sysbios_knl_Semaphore_pendTimeout__I)
                  00004428    00000030                   : BIOS.obj (.text:ti_sysbios_knl_Task_unblockI__E)
                  00004458    00000030     ti.targets.arm.rtsarm.aem4f : SysMin.oem4f (.text:xdc_runtime_SysMin_abort__E)
                  00004488    00000030                                 : System.oem4f (.text:xdc_runtime_System_processAtExit__E)
                  000044b8    0000002c     pwmled_pem4f.oem4f (.text:ti_sysbios_knl_Clock_doTick__I)
                  000044e4    0000002c     pwmled_pem4f.oem4f (.text:ti_sysbios_knl_Queue_construct)
                  00004510    0000002c     sysbios.aem4f : BIOS.obj (.text:ti_sysbios_knl_Task_restore__E)
                  0000453c    0000002c     ti.targets.arm.rtsarm.aem4f : Text.oem4f (.text:xdc_runtime_Text_cordText__E)
                  00004568    0000002a     driverlib.lib : gpio.obj (.text:GPIODirModeSet)
                  00004592    0000002a     ti.targets.arm.rtsarm.aem4f : System.oem4f (.text:xdc_runtime_System_putchar__I)
                  000045bc    00000004     --HOLE-- [fill = 0]
                  000045c0    00000028     sysbios.aem4f : BIOS.obj (.text:ti_sysbios_knl_Swi_Module_startup__E)
                  000045e8    00000026                   : m3_Hwi_asm.obj (.text:ti_sysbios_family_arm_m3_Hwi_pendSV__I)
                  0000460e    00000026     ti.targets.arm.rtsarm.aem4f : System.oem4f (.text:xdc_runtime_System_avprintf__E)
                  00004634    00000024     pwmled_pem4f.oem4f (.text:ti_sysbios_BIOS_errorRaiseHook__I)
                  00004658    00000024     pwmled_pem4f.oem4f (.text:ti_sysbios_BIOS_registerRTSLock__I)
                  0000467c    00000024     pwmled_pem4f.oem4f (.text:ti_sysbios_BIOS_removeRTSLock__I)
                  000046a0    00000024     pwmled_pem4f.oem4f (.text:ti_sysbios_BIOS_startFunc__I)
                  000046c4    00000024     pwmled_pem4f.oem4f (.text:ti_sysbios_gates_GateMutex_Object__delete__S)
                  000046e8    00000024     sysbios.aem4f : BIOS.obj (.text:ti_sysbios_knl_Clock_Module_startup__E)
                  0000470c    00000004     --HOLE-- [fill = 0]
                  00004710    00000024                   : BIOS.obj (.text:ti_sysbios_knl_Semaphore_Instance_init__E)
                  00004734    00000004     --HOLE-- [fill = 0]
                  00004738    00000024                   : BIOS.obj (.text:ti_sysbios_knl_Task_restoreHwi__E)
                  0000475c    00000024     ti.targets.arm.rtsarm.aem4f : System.oem4f (.text:xdc_runtime_System_vprintf__E)
                  00004780    00000022     driverlib.lib : pwm.obj (.text:PWMGenConfigure)
                  000047a2    00000022     drivers_tivaware.aem4f : PWMTiva.oem4f (.text:PWMTiva_getPeriodCounts)
                  000047c4    00000004     --HOLE-- [fill = 0]
                  000047c8    00000022     sysbios.aem4f : BIOS.obj (.text:ti_sysbios_family_arm_lm4_Timer_write__I)
                  000047ea    00000022     pwmled_pem4f.oem4f (.text:xdc_runtime_SysMin_output__I)
                  0000480c    00000020     pwmled_pem4f.oem4f (.text:ti_sysbios_BIOS_rtsLock__I)
                  0000482c    00000020     sysbios.aem4f : m3_Hwi_asm.obj (.text:ti_sysbios_family_arm_m3_Hwi_excHandlerAsm__I)
                  0000484c    00000004     --HOLE-- [fill = 0]
                  00004850    00000020                   : BIOS.obj (.text:ti_sysbios_family_arm_m3_Hwi_excHandler__I)
                  00004870    00000020     pwmled_pem4f.oem4f (.text:ti_sysbios_gates_GateHwi_Object__delete__S)
                  00004890    00000020     pwmled_pem4f.oem4f (.text:ti_sysbios_heaps_HeapMem_Object__delete__S)
                  000048b0    00000020     sysbios.aem4f : BIOS.obj (.text:ti_sysbios_knl_Idle_run__E)
                  000048d0    00000020     pwmled_pem4f.oem4f (.text:ti_sysbios_knl_Semaphore_Object__destruct__S)
                  000048f0    00000020     ti.targets.arm.rtsarm.aem4f : Registry.oem4f (.text:xdc_runtime_Registry_findById__E)
                  00004910    00000020                                 : SysMin.oem4f (.text:xdc_runtime_SysMin_Module_startup__E)
                  00004930    0000001e     driverlib.lib : pwm.obj (.text:PWMPulseWidthSet)
                  0000494e    0000001e     drivers_tivaware.aem4f : PWMTiva.oem4f (.text:PWMTiva_getPeriodMicroSecs)
                  0000496c    0000001e     sysbios.aem4f : m3_Hwi_asm_switch.obj (.text:ti_sysbios_family_xxx_Hwi_switchAndRunFunc)
                  0000498a    0000001c     drivers_tivaware.aem4f : GPIOTiva.oem4f (.text:getGpioIntIndex)
                  000049a6    00000002     --HOLE-- [fill = 0]
                  000049a8    0000001c     sysbios.aem4f : BIOS.obj (.text:ti_sysbios_gates_GateMutex_Instance_init__E)
                  000049c4    0000001c     pwmled_pem4f.oem4f (.text:ti_sysbios_knl_Queue_Object__destruct__S)
                  000049e0    0000001c     sysbios.aem4f : BIOS.obj (.text:ti_sysbios_knl_Queue_put__E)
                  000049fc    00000004     --HOLE-- [fill = 0]
                  00004a00    0000001c                   : BIOS.obj (.text:ti_sysbios_knl_Task_enter__I)
                  00004a1c    0000001c     ti.targets.arm.rtsarm.aem4f : Error.oem4f (.text:xdc_runtime_Error_raiseX__E)
                  00004a38    0000001c                                 : Memory.oem4f (.text:xdc_runtime_Memory_valloc__E)
                  00004a54    0000001c                                 : SysMin.oem4f (.text:xdc_runtime_SysMin_exit__E)
                  00004a70    0000001c                                 : System.oem4f (.text:xdc_runtime_System_abort__E)
                  00004a8c    0000001a     pwmled_pem4f.oem4f (.text:ti_sysbios_family_arm_m3_Hwi_Handle__label__S)
                  00004aa6    0000001a     pwmled_pem4f.oem4f (.text:ti_sysbios_gates_GateHwi_Handle__label__S)
                  00004ac0    0000001a     pwmled_pem4f.oem4f (.text:ti_sysbios_gates_GateMutex_Handle__label__S)
                  00004ada    0000001a     pwmled_pem4f.oem4f (.text:ti_sysbios_heaps_HeapMem_Handle__label__S)
                  00004af4    0000001a     pwmled_pem4f.oem4f (.text:ti_sysbios_knl_Swi_Handle__label__S)
                  00004b0e    0000001a     pwmled_pem4f.oem4f (.text:ti_sysbios_knl_Task_Handle__label__S)
                  00004b28    0000001a     pwmled_pem4f.oem4f (.text:xdc_runtime_System_aprintf__E)
                  00004b42    0000001a     pwmled_pem4f.oem4f (.text:xdc_runtime_System_printf__E)
                  00004b5c    00000018     rtsv7M4_T_le_v4SPD16_eabi.lib : args_main.c.obj (.text:_args_main)
                  00004b74    00000018     pwmled_pem4f.oem4f (.text:ti_sysbios_BIOS_rtsUnlock__I)
                  00004b8c    00000018     pwmled_pem4f.oem4f (.text:ti_sysbios_family_arm_lm4_Timer_Module__startupDone__F)
                  00004ba4    00000018     pwmled_pem4f.oem4f (.text:ti_sysbios_family_arm_m3_Hwi_Module__startupDone__F)
                  00004bbc    00000018     sysbios.aem4f : m3_TaskSupport_asm.obj (.text:ti_sysbios_family_arm_m3_TaskSupport_swap__E)
                  00004bd4    00000004     --HOLE-- [fill = 0]
                  00004bd8    00000018                   : BIOS.obj (.text:ti_sysbios_gates_GateMutex_leave__E)
                  00004bf0    00000018                   : BIOS.obj (.text:ti_sysbios_knl_Task_sleepTimeout__I)
                  00004c08    00000018     ti.targets.arm.rtsarm.aem4f : Error.oem4f (.text:xdc_runtime_Error_check__E)
                  00004c20    00000018                                 : System.oem4f (.text:xdc_runtime_System_exit__E)
                  00004c38    00000018                                 : Text.oem4f (.text:xdc_runtime_Text_ropeText__E)
                  00004c50    00000016     pwmled_pem4f.oem4f (.text:ti_sysbios_BIOS_exitFunc__I)
                  00004c66    00000016     pwmled.obj (.text:ti_sysbios_knl_Task_Params_init)
                  00004c7c    00000014     driverlib.lib : pwm.obj (.text:PWMClockSet)
                  00004c90    00000014                   : sysctl.obj (.text:SysCtlPWMClockSet)
                  00004ca4    00000014     rtsv7M4_T_le_v4SPD16_eabi.lib : strlen.c.obj (.text:strlen)
                  00004cb8    00000014     pwmled_pem4f.oem4f (.text:ti_sysbios_family_arm_m3_Hwi_Object__get__S)
                  00004ccc    00000004     --HOLE-- [fill = 0]
                  00004cd0    00000014     sysbios.aem4f : BIOS.obj (.text:ti_sysbios_family_arm_m3_Hwi_switchFromBootStack__E)
                  00004ce4    00000014     pwmled_pem4f.oem4f (.text:ti_sysbios_heaps_HeapMem_Object__get__S)
                  00004cf8    00000014     pwmled_pem4f.oem4f (.text:ti_sysbios_knl_Swi_Object__get__S)
                  00004d0c    00000012     driverlib.lib : gpio.obj (.text:GPIOPinTypePWM)
                  00004d1e    00000012                   : pwm.obj (.text:PWMGenPeriodGet)
                  00004d30    00000012                   : pwm.obj (.text:PWMOutputInvert)
                  00004d42    00000012                   : pwm.obj (.text:PWMOutputState)
                  00004d54    00000004     --HOLE-- [fill = 0]
                  00004d58    00000012     sysbios.aem4f : BIOS.obj (.text:ti_sysbios_hal_Hwi_Module_startup__E)
                  00004d6a    00000012     pwmled_pem4f.oem4f (.text:xdc_runtime_Startup_exec__I)
                  00004d7c    00000010     driverlib.lib : pwm.obj (.text:PWMGenPeriodSet)
                  00004d8c    00000010     drivers_tivaware.aem4f : PWM.oem4f (.text:PWM_Params_init)
                  00004d9c    00000004     --HOLE-- [fill = 0]
                  00004da0    00000010     sysbios.aem4f : BIOS.obj (.text:ti_sysbios_BIOS_getCpuFreq__E)
                  00004db0    00000010                   : BIOS.obj (.text:ti_sysbios_BIOS_setThreadType__E)
                  00004dc0    00000010                   : BIOS.obj (.text:ti_sysbios_BIOS_start__E)
                  00004dd0    00000010                   : m3_TaskSupport_asm.obj (.text:ti_sysbios_family_arm_m3_TaskSupport_glue)
                  00004de0    00000010                   : BIOS.obj (.text:ti_sysbios_gates_GateMutex_Instance_finalize__E)
                  00004df0    00000010                   : BIOS.obj (.text:ti_sysbios_knl_Semaphore_Instance_finalize__E)
                  00004e00    00000010                   : BIOS.obj (.text:ti_sysbios_knl_Swi_disable__E)
                  00004e10    00000010     pwmled_pem4f.oem4f (.text:ti_sysbios_knl_Task_Object__get__S)
                  00004e20    00000010     sysbios.aem4f : BIOS.obj (.text:ti_sysbios_knl_Task_disable__E)
                  00004e30    00000010     ti.targets.arm.rtsarm.aem4f : Gate.oem4f (.text:xdc_runtime_Gate_leaveSystem__E)
                  00004e40    00000010                                 : Memory.oem4f (.text:xdc_runtime_Memory_free__E)
                  00004e50    00000010                                 : SysMin.oem4f (.text:xdc_runtime_SysMin_ready__E)
                  00004e60    00000010                                 : System.oem4f (.text:xdc_runtime_System_vsnprintf__E)
                  00004e70    00000010     pwmled_pem4f.oem4f (.text:xdc_runtime_Text_visitRope__I)
                  00004e80    0000000e     driverlib.lib : gpio.obj (.text:GPIOIntStatus)
                  00004e8e    0000000e     rtsv7M4_T_le_v4SPD16_eabi.lib : copy_decompress_none.c.obj (.text:decompress:none:__TI_decompress_none)
                  00004e9c    00000004     --HOLE-- [fill = 0]
                  00004ea0    0000000e     sysbios.aem4f : BIOS.obj (.text:ti_sysbios_knl_Idle_loop__E)
                  00004eae    00000002     --HOLE-- [fill = 0]
                  00004eb0    0000000e                   : BIOS.obj (.text:ti_sysbios_knl_Queue_empty__E)
                  00004ebe    00000002     --HOLE-- [fill = 0]
                  00004ec0    0000000c     pwmled_pem4f.oem4f (.text:.bootCodeSection:ti_catalog_arm_cortexm4_tiva_ce_Boot_init__I)
                  00004ecc    0000000c     driverlib.lib : pwm.obj (.text:PWMGenDisable)
                  00004ed8    0000000c                   : pwm.obj (.text:PWMGenEnable)
                  00004ee4    0000000c     rtsv7M4_T_le_v4SPD16_eabi.lib : _lock.c.obj (.text:_register_lock)
                  00004ef0    0000000c                                   : _lock.c.obj (.text:_register_unlock)
                  00004efc    0000000c                                   : copy_zero_init.c.obj (.text:decompress:ZI:__TI_zero_init)
                  00004f08    0000000c     sysbios.aem4f : BIOS.obj (.text:ti_sysbios_family_arm_lm4_Timer_getMaxTicks__E)
                  00004f14    0000000c     pwmled_pem4f.oem4f (.text:ti_sysbios_family_arm_m3_Hwi_Params__init__S)
                  00004f20    0000000c     sysbios.aem4f : BIOS.obj (.text:ti_sysbios_family_arm_m3_Hwi_disableFxn__E)
                  00004f2c    00000004     --HOLE-- [fill = 0]
                  00004f30    0000000c                   : BIOS.obj (.text:ti_sysbios_family_arm_m3_TaskSupport_checkStack__E)
                  00004f3c    00000004     --HOLE-- [fill = 0]
                  00004f40    0000000c                   : BIOS.obj (.text:ti_sysbios_family_arm_m3_TaskSupport_getStackAlignment__E)
                  00004f4c    00000004     --HOLE-- [fill = 0]
                  00004f50    0000000c                   : BIOS.obj (.text:ti_sysbios_gates_GateHwi_enter__E)
                  00004f5c    0000000c     pwmled_pem4f.oem4f (.text:ti_sysbios_knl_Queue_Object__get__S)
                  00004f68    0000000c     pwmled_pem4f.oem4f (.text:ti_sysbios_knl_Task_Params__init__S)
                  00004f74    0000000c     pwmled.obj (.text:ti_sysbios_knl_Task_handle)
                  00004f80    0000000c     ti.targets.arm.rtsarm.aem4f : Error.oem4f (.text:xdc_runtime_Error_init__E)
                  00004f8c    0000000c                                 : Gate.oem4f (.text:xdc_runtime_Gate_enterSystem__E)
                  00004f98    0000000c                                 : Memory.oem4f (.text:xdc_runtime_Memory_calloc__E)
                  00004fa4    0000000c                                 : Memory.oem4f (.text:xdc_runtime_Memory_getMaxDefaultTypeAlign__E)
                  00004fb0    0000000a     pwmled_pem4f.oem4f (.text:xdc_runtime_IHeap_alloc)
                  00004fba    0000000a     pwmled_pem4f.oem4f (.text:xdc_runtime_IHeap_free)
                  00004fc4    00000008     EK_TM4C123GXL.obj (.text:EK_TM4C123GXL_initGPIO)
                  00004fcc    00000008     sysbios.aem4f : BIOS.obj (.text:ti_sysbios_family_arm_lm4_Timer_masterDisable__I)
                  00004fd4    00000004     --HOLE-- [fill = 0]
                  00004fd8    00000008                   : BIOS.obj (.text:ti_sysbios_family_arm_m3_Hwi_doSwiRestore__I)
                  00004fe0    00000008                   : BIOS.obj (.text:ti_sysbios_family_arm_m3_Hwi_startup__E)
                  00004fe8    00000006     driverlib.lib : gpio.obj (.text:GPIOIntClear)
                  00004fee    00000006                   : gpio.obj (.text:GPIOPinWrite)
                  00004ff4    00000006     Boot.aem4f : Boot_sysctl.oem4f (.text:ti_catalog_arm_cortexm4_tiva_ce_Boot_sysCtlDelayI__I)
                  00004ffa    00000006     ti.targets.arm.rtsarm.aem4f : System.oem4f (.text:xdc_runtime_System_Module_startup__E)
                  00005000    00000006     sysbios.aem4f : BIOS.obj (.text:ti_sysbios_family_arm_m3_Hwi_doTaskRestore__I)
                  00005006    00000002     --HOLE-- [fill = 0]
                  00005008    00000006                   : BIOS.obj (.text:ti_sysbios_family_arm_m3_Hwi_restoreFxn__E)
                  0000500e    00000002     --HOLE-- [fill = 0]
                  00005010    00000006                   : BIOS.obj (.text:ti_sysbios_gates_GateHwi_leave__E)
                  00005016    00000002     --HOLE-- [fill = 0]
                  00005018    00000006                   : BIOS.obj (.text:ti_sysbios_heaps_HeapMem_isBlocking__E)
                  0000501e    00000002     --HOLE-- [fill = 0]
                  00005020    00000006                   : BIOS.obj (.text:ti_sysbios_knl_Queue_Instance_init__E)
                  00005026    00000002     --HOLE-- [fill = 0]
                  00005028    00000006                   : BIOS.obj (.text:ti_sysbios_knl_Swi_startup__E)
                  0000502e    00000002     --HOLE-- [fill = 0]
                  00005030    00000004                   : BIOS.obj (.text:ti_sysbios_gates_GateHwi_query__E)
                  00005034    00000004     --HOLE-- [fill = 0]
                  00005038    00000004                   : BIOS.obj (.text:ti_sysbios_gates_GateMutex_query__E)
                  0000503c    00000004     --HOLE-- [fill = 0]
                  00005040    00000004                   : BIOS.obj (.text:ti_sysbios_knl_Task_startup__E)
                  00005044    00000004     --HOLE-- [fill = 0]
                  00005048    00000002                   : BIOS.obj (.text:ti_sysbios_gates_GateHwi_Instance_init__E)
                  0000504a    00000006     --HOLE-- [fill = 0]
                  00005050    00000002                   : BIOS.obj (.text:ti_sysbios_knl_Clock_logTick__E)

.const     0    00005054    00001f2a     
                  00005054    00001861     pwmled_pem4f.oem4f (.const:xdc_runtime_Text_charTab__A)
                  000068b5    00000001     pwmled_pem4f.oem4f (.const:xdc_runtime_Error_policy__C)
                  000068b6    000000bc     pwmled_pem4f.oem4f (.const:xdc_runtime_Text_nodeTab__A)
                  00006972    00000002     pwmled_pem4f.oem4f (.const:ti_catalog_arm_cortexm4_tiva_ce_Boot_Module__id__C)
                  00006974    00000090     driverlib.lib : gpio.obj (.const:g_pui32GPIOBaseAddrs)
                  00006a04    00000054     drivers_tivaware.aem4f : GPIOTiva.oem4f (.const:.string)
                  00006a58    00000048     pwmled_pem4f.oem4f (.const:.string)
                  00006aa0    00000048     drivers_tivaware.aem4f : GPIOTiva.oem4f (.const:gpioBaseAddresses)
                  00006ae8    0000003c     pwmled_pem4f.oem4f (.const:ti_sysbios_knl_Task_Object__PARAMS__C)
                  00006b24    00000030     EK_TM4C123GXL.obj (.const:PWM_config)
                  00006b54    00000030     pwmled_pem4f.oem4f (.const:ti_sysbios_family_arm_m3_Hwi_Object__PARAMS__C)
                  00006b84    00000028     pwmled_pem4f.oem4f (.const:ti_sysbios_heaps_HeapMem_Module__FXNS__C)
                  00006bac    00000024     EK_TM4C123GXL.obj (.const:pwmTivaHWAttrs)
                  00006bd0    00000024     pwmled_pem4f.oem4f (.const:ti_sysbios_gates_GateHwi_Module__FXNS__C)
                  00006bf4    00000024     pwmled_pem4f.oem4f (.const:ti_sysbios_gates_GateMutex_Module__FXNS__C)
                  00006c18    00000024     pwmled_pem4f.oem4f (.const:ti_sysbios_heaps_HeapMem_Object__PARAMS__C)
                  00006c3c    00000024     pwmled_pem4f.oem4f (.const:ti_sysbios_knl_Semaphore_Object__PARAMS__C)
                  00006c60    00000020     drivers_tivaware.aem4f : PWMTiva.oem4f (.const)
                  00006c80    00000020     pwmled_pem4f.oem4f (.const:ti_sysbios_family_arm_m3_Hwi_Object__DESC__C)
                  00006ca0    00000020     pwmled_pem4f.oem4f (.const:ti_sysbios_gates_GateHwi_Object__DESC__C)
                  00006cc0    00000020     pwmled_pem4f.oem4f (.const:ti_sysbios_gates_GateMutex_Object__DESC__C)
                  00006ce0    00000020     pwmled_pem4f.oem4f (.const:ti_sysbios_heaps_HeapMem_Object__DESC__C)
                  00006d00    00000020     pwmled_pem4f.oem4f (.const:ti_sysbios_knl_Queue_Object__DESC__C)
                  00006d20    00000020     pwmled_pem4f.oem4f (.const:ti_sysbios_knl_Semaphore_Object__DESC__C)
                  00006d40    00000020     pwmled_pem4f.oem4f (.const:ti_sysbios_knl_Task_Object__DESC__C)
                  00006d60    00000020     pwmled_pem4f.oem4f (.const:xdc_runtime_Startup_sfxnTab__A)
                  00006d80    00000018     pwmled_pem4f.oem4f (.const:ti_sysbios_gates_GateHwi_Object__PARAMS__C)
                  00006d98    00000018     pwmled_pem4f.oem4f (.const:ti_sysbios_gates_GateMutex_Object__PARAMS__C)
                  00006db0    00000018     pwmled_pem4f.oem4f (.const:ti_sysbios_knl_Queue_Object__PARAMS__C)
                  00006dc8    00000014     EK_TM4C123GXL.obj (.const:GPIOTiva_config)
                  00006ddc    00000014     pwmled_pem4f.oem4f (.const:xdc_runtime_Startup_firstFxns__A)
                  00006df0    00000010     pwmled_pem4f.oem4f (.const:xdc_runtime_Startup_sfxnRts__A)
                  00006e00    0000000c     drivers_tivaware.aem4f : PWM.oem4f (.const)
                  00006e0c    00000008     pwmled_pem4f.oem4f (.const:ti_sysbios_family_arm_m3_Hwi_excHookFuncs__A)
                  00006e14    00000008     pwmled_pem4f.oem4f (.const:ti_sysbios_knl_Idle_funcList__C)
                  00006e1c    00000008     pwmled_pem4f.oem4f (.const:xdc_runtime_Startup_firstFxns__C)
                  00006e24    00000008     pwmled_pem4f.oem4f (.const:xdc_runtime_Startup_lastFxns__C)
                  00006e2c    00000004     pwmled_pem4f.oem4f (.const:ti_catalog_arm_cortexm4_tiva_ce_Boot_A_mustUseEnhancedClockMode__C)
                  00006e30    00000004     pwmled_pem4f.oem4f (.const:ti_catalog_arm_cortexm4_tiva_ce_Boot_Module__diagsEnabled__C)
                  00006e34    00000004     pwmled_pem4f.oem4f (.const:ti_catalog_arm_cortexm4_tiva_ce_Boot_Module__diagsIncluded__C)
                  00006e38    00000004     pwmled_pem4f.oem4f (.const:ti_catalog_arm_cortexm4_tiva_ce_Boot_Module__diagsMask__C)
                  00006e3c    00000004     pwmled_pem4f.oem4f (.const:ti_sysbios_family_arm_lm4_Timer_enableFunc__C)
                  00006e40    00000004     pwmled_pem4f.oem4f (.const:ti_sysbios_family_arm_lm4_Timer_numTimerDevices__C)
                  00006e44    00000004     pwmled_pem4f.oem4f (.const:ti_sysbios_family_arm_lm4_Timer_startupNeeded__C)
                  00006e48    00000004     pwmled_pem4f.oem4f (.const:ti_sysbios_family_arm_m3_Hwi_E_NMI__C)
                  00006e4c    00000004     pwmled_pem4f.oem4f (.const:ti_sysbios_family_arm_m3_Hwi_E_alreadyDefined__C)
                  00006e50    00000004     pwmled_pem4f.oem4f (.const:ti_sysbios_family_arm_m3_Hwi_E_busFault__C)
                  00006e54    00000004     pwmled_pem4f.oem4f (.const:ti_sysbios_family_arm_m3_Hwi_E_debugMon__C)
                  00006e58    00000004     pwmled_pem4f.oem4f (.const:ti_sysbios_family_arm_m3_Hwi_E_hardFault__C)
                  00006e5c    00000004     pwmled_pem4f.oem4f (.const:ti_sysbios_family_arm_m3_Hwi_E_memFault__C)
                  00006e60    00000004     pwmled_pem4f.oem4f (.const:ti_sysbios_family_arm_m3_Hwi_E_noIsr__C)
                  00006e64    00000004     pwmled_pem4f.oem4f (.const:ti_sysbios_family_arm_m3_Hwi_E_reserved__C)
                  00006e68    00000004     pwmled_pem4f.oem4f (.const:ti_sysbios_family_arm_m3_Hwi_E_svCall__C)
                  00006e6c    00000004     pwmled_pem4f.oem4f (.const:ti_sysbios_family_arm_m3_Hwi_E_usageFault__C)
                  00006e70    00000004     pwmled_pem4f.oem4f (.const:ti_sysbios_family_arm_m3_Hwi_NUM_INTERRUPTS__C)
                  00006e74    00000004     pwmled_pem4f.oem4f (.const:ti_sysbios_family_arm_m3_Hwi_Object__count__C)
                  00006e78    00000004     pwmled_pem4f.oem4f (.const:ti_sysbios_family_arm_m3_Hwi_ccr__C)
                  00006e7c    00000004     pwmled_pem4f.oem4f (.const:ti_sysbios_family_arm_m3_Hwi_excHandlerFunc__C)
                  00006e80    00000004     pwmled_pem4f.oem4f (.const:ti_sysbios_family_arm_m3_Hwi_excHookFuncs__C)
                  00006e84    00000004     pwmled_pem4f.oem4f (.const:ti_sysbios_family_arm_m3_Hwi_nullIsrFunc__C)
                  00006e88    00000004     pwmled_pem4f.oem4f (.const:ti_sysbios_family_arm_m3_Hwi_priGroup__C)
                  00006e8c    00000004     pwmled_pem4f.oem4f (.const:ti_sysbios_family_arm_m3_TaskSupport_stackAlignment__C)
                  00006e90    00000004     pwmled_pem4f.oem4f (.const:ti_sysbios_gates_GateMutex_Instance_State_sem__O)
                  00006e94    00000004     pwmled_pem4f.oem4f (.const:ti_sysbios_hal_Hwi_E_stackOverflow__C)
                  00006e98    00000004     pwmled_pem4f.oem4f (.const:ti_sysbios_heaps_HeapMem_E_memory__C)
                  00006e9c    00000004     pwmled_pem4f.oem4f (.const:ti_sysbios_heaps_HeapMem_Module__gateObj__C)
                  00006ea0    00000004     pwmled_pem4f.oem4f (.const:ti_sysbios_heaps_HeapMem_Object__count__C)
                  00006ea4    00000004     pwmled_pem4f.oem4f (.const:ti_sysbios_heaps_HeapMem_reqAlign__C)
                  00006ea8    00000004     pwmled_pem4f.oem4f (.const:ti_sysbios_knl_Clock_Module_State_clockQ__O)
                  00006eac    00000004     pwmled_pem4f.oem4f (.const:ti_sysbios_knl_Idle_funcList__A)
                  00006eb0    00000004     pwmled_pem4f.oem4f (.const:ti_sysbios_knl_Semaphore_Instance_State_pendQ__O)
                  00006eb4    00000004     pwmled_pem4f.oem4f (.const:ti_sysbios_knl_Swi_Object__count__C)
                  00006eb8    00000004     pwmled_pem4f.oem4f (.const:ti_sysbios_knl_Task_E_spOutOfBounds__C)
                  00006ebc    00000004     pwmled_pem4f.oem4f (.const:ti_sysbios_knl_Task_E_stackOverflow__C)
                  00006ec0    00000004     pwmled_pem4f.oem4f (.const:ti_sysbios_knl_Task_Module_State_inactiveQ__O)
                  00006ec4    00000004     pwmled_pem4f.oem4f (.const:ti_sysbios_knl_Task_Object__count__C)
                  00006ec8    00000004     pwmled_pem4f.oem4f (.const:ti_sysbios_knl_Task_allBlockedFunc__C)
                  00006ecc    00000004     pwmled_pem4f.oem4f (.const:ti_sysbios_knl_Task_defaultStackHeap__C)
                  00006ed0    00000004     pwmled_pem4f.oem4f (.const:ti_sysbios_knl_Task_defaultStackSize__C)
                  00006ed4    00000004     pwmled_pem4f.oem4f (.const:ti_sysbios_knl_Task_numConstructedTasks__C)
                  00006ed8    00000004     pwmled_pem4f.oem4f (.const:xdc_runtime_Assert_E_assertFailed__C)
                  00006edc    00000004     pwmled_pem4f.oem4f (.const:xdc_runtime_Core_A_initializedParams__C)
                  00006ee0    00000004     pwmled_pem4f.oem4f (.const:xdc_runtime_Core_Module__diagsEnabled__C)
                  00006ee4    00000004     pwmled_pem4f.oem4f (.const:xdc_runtime_Core_Module__diagsIncluded__C)
                  00006ee8    00000004     pwmled_pem4f.oem4f (.const:xdc_runtime_Core_Module__diagsMask__C)
                  00006eec    00000004     pwmled_pem4f.oem4f (.const:xdc_runtime_Error_E_memory__C)
                  00006ef0    00000004     pwmled_pem4f.oem4f (.const:xdc_runtime_Error_Module__diagsEnabled__C)
                  00006ef4    00000004     pwmled_pem4f.oem4f (.const:xdc_runtime_Error_Module__diagsIncluded__C)
                  00006ef8    00000004     pwmled_pem4f.oem4f (.const:xdc_runtime_Error_Module__diagsMask__C)
                  00006efc    00000004     pwmled_pem4f.oem4f (.const:xdc_runtime_Error_Module__loggerFxn8__C)
                  00006f00    00000004     pwmled_pem4f.oem4f (.const:xdc_runtime_Error_Module__loggerObj__C)
                  00006f04    00000004     pwmled_pem4f.oem4f (.const:xdc_runtime_Error_policyFxn__C)
                  00006f08    00000004     pwmled_pem4f.oem4f (.const:xdc_runtime_Error_raiseHook__C)
                  00006f0c    00000004     pwmled_pem4f.oem4f (.const:xdc_runtime_IGateProvider_Interface__BASE__C)
                  00006f10    00000004     pwmled_pem4f.oem4f (.const:xdc_runtime_IHeap_Interface__BASE__C)
                  00006f14    00000004     pwmled_pem4f.oem4f (.const:xdc_runtime_IModule_Interface__BASE__C)
                  00006f18    00000004     pwmled_pem4f.oem4f (.const:xdc_runtime_Log_L_error__C)
                  00006f1c    00000004     pwmled_pem4f.oem4f (.const:xdc_runtime_Memory_defaultHeapInstance__C)
                  00006f20    00000004     pwmled_pem4f.oem4f (.const:xdc_runtime_Startup_execImpl__C)
                  00006f24    00000004     pwmled_pem4f.oem4f (.const:xdc_runtime_Startup_maxPasses__C)
                  00006f28    00000004     pwmled_pem4f.oem4f (.const:xdc_runtime_Startup_sfxnRts__C)
                  00006f2c    00000004     pwmled_pem4f.oem4f (.const:xdc_runtime_Startup_sfxnTab__C)
                  00006f30    00000004     pwmled_pem4f.oem4f (.const:xdc_runtime_SysMin_bufSize__C)
                  00006f34    00000004     pwmled_pem4f.oem4f (.const:xdc_runtime_SysMin_outputFunc__C)
                  00006f38    00000004     pwmled_pem4f.oem4f (.const:xdc_runtime_System_Module__gateObj__C)
                  00006f3c    00000004     pwmled_pem4f.oem4f (.const:xdc_runtime_System_abortFxn__C)
                  00006f40    00000004     pwmled_pem4f.oem4f (.const:xdc_runtime_System_exitFxn__C)
                  00006f44    00000004     pwmled_pem4f.oem4f (.const:xdc_runtime_System_extendFxn__C)
                  00006f48    00000004     pwmled_pem4f.oem4f (.const:xdc_runtime_System_maxAtexitHandlers__C)
                  00006f4c    00000004     pwmled_pem4f.oem4f (.const:xdc_runtime_Text_charTab__C)
                  00006f50    00000004     pwmled_pem4f.oem4f (.const:xdc_runtime_Text_nameEmpty__C)
                  00006f54    00000004     pwmled_pem4f.oem4f (.const:xdc_runtime_Text_nameStatic__C)
                  00006f58    00000004     pwmled_pem4f.oem4f (.const:xdc_runtime_Text_nameUnknown__C)
                  00006f5c    00000004     pwmled_pem4f.oem4f (.const:xdc_runtime_Text_nodeTab__C)
                  00006f60    00000004     pwmled_pem4f.oem4f (.const:xdc_runtime_Text_visitRopeFxn__C)
                  00006f64    00000002     pwmled_pem4f.oem4f (.const:ti_sysbios_family_arm_m3_Hwi_Module__id__C)
                  00006f66    00000002     pwmled_pem4f.oem4f (.const:ti_sysbios_hal_Hwi_Module__id__C)
                  00006f68    00000002     pwmled_pem4f.oem4f (.const:ti_sysbios_heaps_HeapMem_Module__id__C)
                  00006f6a    00000002     pwmled_pem4f.oem4f (.const:ti_sysbios_knl_Task_Module__id__C)
                  00006f6c    00000002     pwmled_pem4f.oem4f (.const:xdc_runtime_Core_Module__id__C)
                  00006f6e    00000002     pwmled_pem4f.oem4f (.const:xdc_runtime_Error_Module__loggerDefined__C)
                  00006f70    00000002     pwmled_pem4f.oem4f (.const:xdc_runtime_Error_maxDepth__C)
                  00006f72    00000002     pwmled_pem4f.oem4f (.const:xdc_runtime_Memory_Module__id__C)
                  00006f74    00000002     pwmled_pem4f.oem4f (.const:xdc_runtime_SysMin_flushAtExit__C)
                  00006f76    00000002     pwmled_pem4f.oem4f (.const:xdc_runtime_Text_charCnt__C)
                  00006f78    00000002     pwmled_pem4f.oem4f (.const:xdc_runtime_Text_isLoaded__C)
                  00006f7a    00000002     pwmled_pem4f.oem4f (.const:xdc_runtime_Text_registryModsLastId__C)
                  00006f7c    00000002     pwmled_pem4f.oem4f (.const:xdc_runtime_Text_unnamedModsLastId__C)

.cinit     0    00006f80    00000210     
                  00006f80    000001d9     (.cinit..data.load) [load image, compression = lzss]
                  00007159    00000003     --HOLE-- [fill = 0]
                  0000715c    0000000c     (__TI_handler_table)
                  00007168    00000008     (.cinit..bss.load) [load image, compression = zero_init]
                  00007170    00000008     (.cinit..vecs.load) [load image, compression = zero_init]
                  00007178    00000018     (__TI_cinit_table)

.init_array 
*          0    00000000    00000000     UNINITIALIZED

.resetVecs 
*          0    00000000    0000003c     
                  00000000    0000003c     pwmled_pem4f.oem4f (.resetVecs)

.bss       0    20000360    0000105c     UNINITIALIZED
                  20000360    00000400     (.common:ti_sysbios_heaps_HeapMem_Instance_State_0_buf__A)
                  20000760    00000360     (.common:ti_sysbios_family_arm_m3_Hwi_dispatchTable)
                  20000ac0    00000200     pwmled_pem4f.oem4f (.bss:taskStackSection)
                  20000cc0    00000200     (.common:distSensorTask_Stack)
                  20000ec0    00000200     (.common:tsk0Stack)
                  200010c0    00000120     rtsv7M4_T_le_v4SPD16_eabi.lib : trgmsg.c.obj (.bss:_CIOBUF_)
                  200011e0    00000090     drivers_tivaware.aem4f : GPIOTiva.oem4f (.bss:gpioCallbackInfo)
                  20001270    00000080     (.common:xdc_runtime_SysMin_Module_State_0_outbuf__A)
                  200012f0    00000050     (.common:distSensorTask_Struct)
                  20001340    00000050     (.common:tsk0Struct)
                  20001390    00000018     (.common:pwmTivaObjects)
                  200013a8    00000008     (.common:parmbuf)
                  200013b0    00000004     (.common:distSensorTask)
                  200013b4    00000004     (.common:gpioInterruptVectors)
                  200013b8    00000004     (.common:task)

.data      0    200013bc    0000042e     UNINITIALIZED
                  200013bc    00000080     pwmled_pem4f.oem4f (.data:ti_sysbios_knl_Swi_Module_State_0_readyQ__A)
                  2000143c    00000080     pwmled_pem4f.oem4f (.data:ti_sysbios_knl_Task_Module_State_0_readyQ__A)
                  200014bc    0000004c     pwmled_pem4f.oem4f (.data:ti_sysbios_knl_Task_Object__table__V)
                  20001508    00000044     pwmled_pem4f.oem4f (.data:ti_sysbios_knl_Task_Module__state__V)
                  2000154c    00000040     pwmled_pem4f.oem4f (.data:ti_sysbios_family_arm_lm4_Timer_Object__table__V)
                  2000158c    00000038     pwmled_pem4f.oem4f (.data:ti_sysbios_gates_GateMutex_Object__table__V)
                  200015c4    00000034     pwmled_pem4f.oem4f (.data:ti_sysbios_family_arm_m3_Hwi_Module__state__V)
                  200015f8    00000030     pwmled_pem4f.oem4f (.data:ti_sysbios_family_arm_lm4_Timer_Module_State_0_device__A)
                  20001628    00000030     pwmled_pem4f.oem4f (.data:ti_sysbios_knl_Swi_Object__table__V)
                  20001658    0000002c     pwmled_pem4f.oem4f (.data:ti_sysbios_knl_Clock_Module__state__V)
                  20001684    00000024     pwmled_pem4f.oem4f (.data:ti_sysbios_BIOS_Module__state__V)
                  200016a8    00000020     EK_TM4C123GXL.obj (.data:gpioPinConfigs)
                  200016c8    0000001c     pwmled_pem4f.oem4f (.data:ti_sysbios_knl_Swi_Module__state__V)
                  200016e4    00000018     drivers_tivaware.aem4f : PWMTiva.oem4f (.data)
                  200016fc    00000018     pwmled_pem4f.oem4f (.data:ti_sysbios_family_arm_lm4_Timer_Module_State_0_handles__A)
                  20001714    00000018     pwmled_pem4f.oem4f (.data:ti_sysbios_family_arm_m3_Hwi_Object__table__V)
                  2000172c    00000018     pwmled_pem4f.oem4f (.data:ti_sysbios_heaps_HeapMem_Object__table__V)
                  20001744    0000000c     pwmled_pem4f.oem4f (.data:ti_sysbios_family_arm_lm4_Timer_Module__state__V)
                  20001750    0000000c     pwmled_pem4f.oem4f (.data:xdc_runtime_SysMin_Module__state__V)
                  2000175c    00000008     rtsv7M4_T_le_v4SPD16_eabi.lib : _lock.c.obj (.data:$O1$$)
                  20001764    00000008     EK_TM4C123GXL.obj (.data:gpioCallbackFunctions)
                  2000176c    00000008     pwmled_pem4f.oem4f (.data:ti_sysbios_family_arm_m3_Hwi_Module__root__V)
                  20001774    00000008     pwmled_pem4f.oem4f (.data:ti_sysbios_gates_GateHwi_Module__root__V)
                  2000177c    00000008     pwmled_pem4f.oem4f (.data:ti_sysbios_gates_GateMutex_Module__root__V)
                  20001784    00000008     pwmled_pem4f.oem4f (.data:ti_sysbios_heaps_HeapMem_Module__root__V)
                  2000178c    00000008     pwmled_pem4f.oem4f (.data:ti_sysbios_knl_Queue_Module__root__V)
                  20001794    00000008     pwmled_pem4f.oem4f (.data:ti_sysbios_knl_Semaphore_Module__root__V)
                  2000179c    00000008     pwmled_pem4f.oem4f (.data:ti_sysbios_knl_Task_Module__root__V)
                  200017a4    00000008     pwmled_pem4f.oem4f (.data:xdc_runtime_Registry_Module__state__V)
                  200017ac    00000008     pwmled_pem4f.oem4f (.data:xdc_runtime_Startup_Module__state__V)
                  200017b4    00000008     pwmled_pem4f.oem4f (.data:xdc_runtime_System_Module_State_0_atexitHandlers__A)
                  200017bc    00000008     pwmled_pem4f.oem4f (.data:xdc_runtime_System_Module__state__V)
                  200017c4    00000005     drivers_tivaware.aem4f : GPIOTiva.oem4f (.data)
                  200017c9    00000001     --HOLE--
                  200017ca    00000002     pwmled_pem4f.oem4f (.data:ti_sysbios_family_arm_m3_Hwi_Module_State_0_excActive__A)
                  200017cc    00000004     drivers_tivaware.aem4f : PWM.oem4f (.data)
                  200017d0    00000004     rtsv7M4_T_le_v4SPD16_eabi.lib : stkdepth_vars.c.obj (.data)
                  200017d4    00000004     pwmled_pem4f.oem4f (.data:ti_sysbios_family_arm_m3_Hwi_Module_State_0_excContext__A)
                  200017d8    00000004     pwmled_pem4f.oem4f (.data:ti_sysbios_family_arm_m3_Hwi_Module_State_0_excStack__A)
                  200017dc    00000004     pwmled_pem4f.oem4f (.data:ti_sysbios_gates_GateHwi_Object__table__V)
                  200017e0    00000004     pwmled_pem4f.oem4f (.data:ti_sysbios_knl_Task_Module_State_0_idleTask__A)
                  200017e4    00000004     pwmled_pem4f.oem4f (.data:xdc_runtime_Memory_Module__state__V)
                  200017e8    00000002     pwmled_pem4f.oem4f (.data:xdc_runtime_Error_Module__state__V)

.stack     0    200017f0    00000300     UNINITIALIZED
                  200017f0    00000300     --HOLE--

.bootVecs 
*          0    00000000    00000008     DSECT
                  00000000    00000008     boot.aem4f : boot.oem4f (.bootVecs)

.vecs      0    20000000    00000360     UNINITIALIZED
                  20000000    00000360     pwmled_pem4f.oem4f (.vecs)

xdc.meta   0    00000000    00000105     COPY SECTION
                  00000000    00000105     pwmled_pem4f.oem4f (xdc.meta)

__llvm_prf_cnts 
*          0    20000000    00000000     UNINITIALIZED

MODULE SUMMARY

       Module                       code    ro data   rw data
       ------                       ----    -------   -------
    ./
       pwmled.obj                   657     0         1192   
       EK_TM4C123GXL.obj            156     104       64     
    +--+----------------------------+-------+---------+---------+
       Total:                       813     104       1256   
                                                             
    /Users/jmascavage/cc_workspace_v11/pwmled_EK_TM4C123GXL_TI2_JJM_RED_LED_MIN/Debug/configPkg/package/cfg/
       pwmled_pem4f.oem4f           1654    7590      4376   
    +--+----------------------------+-------+---------+---------+
       Total:                       1654    7590      4376   
                                                             
    /Applications/ti/ccs1100/ccs/tools/compiler/ti-cgt-arm_20.2.5.LTS/lib/rtsv7M4_T_le_v4SPD16_eabi.lib
       trgmsg.c.obj                 108     0         288    
       memcpy_t2.asm.obj            156     0         0      
       memset_t2.asm.obj            122     0         0      
       copy_decompress_lzss.c.obj   104     0         0      
       hostwrite.c.obj              88      0         0      
       cpy_tbl.c.obj                76      0         0      
       u_divt2.asm.obj              64      0         0      
       _lock.c.obj                  26      0         8      
       args_main.c.obj              24      0         0      
       strlen.c.obj                 20      0         0      
       copy_decompress_none.c.obj   14      0         0      
       copy_zero_init.c.obj         12      0         0      
       hostopen.c.obj               0       0         8      
       exit.c.obj                   4       0         0      
       stkdepth_vars.c.obj          0       0         4      
       div0.asm.obj                 2       0         0      
    +--+----------------------------+-------+---------+---------+
       Total:                       820     0         308    
                                                             
    /Users/jmascavage/cc_workspace_v11/pwmled_EK_TM4C123GXL_TI2_JJM_RED_LED_MIN/src/sysbios/sysbios.aem4f
       BIOS.obj                     9070    0         0      
       m3_Hwi_asm.obj               314     0         0      
       m3_TaskSupport_asm.obj       180     0         0      
       m3_Hwi_asm_switch.obj        118     0         0      
    +--+----------------------------+-------+---------+---------+
       Total:                       9682    0         0      
                                                             
    /Users/jmascavage/ti/tirtos_tivac_2_16_00_08/products/TivaWare_C_Series-2.1.1.71b/driverlib/ccs/Debug/driverlib.lib
       gpio.obj                     548     144       0      
       pwm.obj                      178     0         0      
       sysctl.obj                   72      0         0      
    +--+----------------------------+-------+---------+---------+
       Total:                       798     144       0      
                                                             
    /Users/jmascavage/ti/tirtos_tivac_2_16_00_08/products/bios_6_45_01_29/packages/ti/catalog/arm/cortexm4/tiva/ce/lib/Boot.aem4f
       Boot_sysctl.oem4f            262     0         0      
       Boot.oem4f                   152     0         0      
    +--+----------------------------+-------+---------+---------+
       Total:                       414     0         0      
                                                             
    /Users/jmascavage/ti/tirtos_tivac_2_16_00_08/products/bios_6_45_01_29/packages/ti/targets/arm/rtsarm/lib/auto_init.aem4f
       auto_init.oem4f              160     0         0      
    +--+----------------------------+-------+---------+---------+
       Total:                       160     0         0      
                                                             
    /Users/jmascavage/ti/tirtos_tivac_2_16_00_08/products/bios_6_45_01_29/packages/ti/targets/arm/rtsarm/lib/boot.aem4f
       boot.oem4f                   88      0         0      
    +--+----------------------------+-------+---------+---------+
       Total:                       88      0         0      
                                                             
    /Users/jmascavage/ti/tirtos_tivac_2_16_00_08/products/bios_6_45_01_29/packages/ti/targets/arm/rtsarm/lib/ti.targets.arm.rtsarm.aem4f
       System.oem4f                 1255    0         0      
       Text.oem4f                   672     0         0      
       Error.oem4f                  524     0         0      
       Core-mem.oem4f               358     0         0      
       Startup.oem4f                328     0         0      
       SysMin.oem4f                 248     0         0      
       Core-smem.oem4f              204     0         0      
       Memory.oem4f                 176     0         0      
       Assert.oem4f                 84      0         0      
       Core-params.oem4f            70      0         0      
       Core-label.oem4f             52      0         0      
       Registry.oem4f               32      0         0      
       Gate.oem4f                   28      0         0      
    +--+----------------------------+-------+---------+---------+
       Total:                       4031    0         0      
                                                             
    /Users/jmascavage/ti/tirtos_tivac_2_16_00_08/products/tidrivers_tivac_2_16_00_08/packages/ti/drivers/lib/drivers_tivaware.aem4f
       GPIOTiva.oem4f               764     156       153    
       PWMTiva.oem4f                962     32        24     
       PWM.oem4f                    120     12        4      
    +--+----------------------------+-------+---------+---------+
       Total:                       1846    200       181    
                                                             
       Stack:                       0       0         768    
       Linker Generated:            0       525       0      
    +--+----------------------------+-------+---------+---------+
       Grand Total:                 20306   8563      6889   


LINKER GENERATED COPY TABLES

__TI_cinit_table @ 00007178 records: 3, size/record: 8, table size: 24
	.data: load addr=00006f80, load size=000001d9 bytes, run addr=200013bc, run size=0000042e bytes, compression=lzss
	.bss: load addr=00007168, load size=00000008 bytes, run addr=20000360, run size=0000105c bytes, compression=zero_init
	.vecs: load addr=00007170, load size=00000008 bytes, run addr=20000000, run size=00000360 bytes, compression=zero_init


LINKER GENERATED HANDLER TABLE

__TI_handler_table @ 0000715c records: 3, size/record: 4, table size: 12
	index: 0, handler: __TI_decompress_lzss
	index: 1, handler: __TI_decompress_none
	index: 2, handler: __TI_zero_init


GLOBAL SYMBOLS: SORTED ALPHABETICALLY BY Name 

address   name                                                              
-------   ----                                                              
000007bd  C$$EXIT                                                           
00003f7b  C$$IO$$                                                           
00004fc5  EK_TM4C123GXL_initGPIO                                            
00003d59  EK_TM4C123GXL_initGeneral                                         
000035e1  EK_TM4C123GXL_initPWM                                             
00004569  GPIODirModeSet                                                    
00004fe9  GPIOIntClear                                                      
00004e81  GPIOIntStatus                                                     
00003589  GPIOIntTypeSet                                                    
000011f9  GPIOPadConfigSet                                                  
00003a05  GPIOPinConfigure                                                  
00004d0d  GPIOPinTypePWM                                                    
00004fef  GPIOPinWrite                                                      
00006dc8  GPIOTiva_config                                                   
0000304d  GPIO_hwiIntFxn                                                    
000028e5  GPIO_init                                                         
00003735  GPIO_setCallback                                                  
00000f5d  GPIO_setConfig                                                    
00003785  GPIO_write                                                        
00003481  HOSTwrite                                                         
00004c7d  PWMClockSet                                                       
00004781  PWMGenConfigure                                                   
00004ecd  PWMGenDisable                                                     
00004ed9  PWMGenEnable                                                      
00004d1f  PWMGenPeriodGet                                                   
00004d7d  PWMGenPeriodSet                                                   
00004d31  PWMOutputInvert                                                   
00004d43  PWMOutputState                                                    
00004931  PWMPulseWidthSet                                                  
00006c7e  PWMTiva_MAX_MATCH_VALUE                                           
00006c7c  PWMTiva_MAX_PRESCALAR                                             
00002f15  PWMTiva_close                                                     
000029fd  PWMTiva_control                                                   
00006c60  PWMTiva_fxnTable                                                  
000047a3  PWMTiva_getPeriodCounts                                           
0000494f  PWMTiva_getPeriodMicroSecs                                        
00004215  PWMTiva_init                                                      
00000b2d  PWMTiva_open                                                      
00001b3d  PWMTiva_setDuty                                                   
00004d8d  PWM_Params_init                                                   
00006b24  PWM_config                                                        
00006e00  PWM_defaultParams                                                 
00003f15  PWM_init                                                          
00004245  PWM_open                                                          
UNDEFED   SHT$$INIT_ARRAY$$Base                                             
UNDEFED   SHT$$INIT_ARRAY$$Limit                                            
00004c91  SysCtlPWMClockSet                                                 
00004069  SysCtlPeripheralEnable                                            
00000000  __ASM__                                                           
200010c0  __CIOBUF_                                                         
00000083  __ISA__                                                           
00000096  __PLAT__                                                          
20001af0  __STACK_END                                                       
00000300  __STACK_SIZE                                                      
000000b7  __TARG__                                                          
00007178  __TI_CINIT_Base                                                   
00007190  __TI_CINIT_Limit                                                  
0000715c  __TI_Handler_Table_Base                                           
00007168  __TI_Handler_Table_Limit                                          
0000240d  __TI_auto_init                                                    
00002f7f  __TI_decompress_lzss                                              
00004e8f  __TI_decompress_none                                              
ffffffff  __TI_pprof_out_hndl                                               
ffffffff  __TI_prof_data_size                                               
ffffffff  __TI_prof_data_start                                              
0000409d  __TI_readmsg                                                      
00006f80  __TI_static_base__                                                
00003f4d  __TI_writemsg                                                     
00004efd  __TI_zero_init                                                    
000000dd  __TRDR__                                                          
00002683  __aeabi_idiv0                                                     
00002683  __aeabi_ldiv0                                                     
00002b8d  __aeabi_memclr                                                    
00002b8d  __aeabi_memclr4                                                   
00002b8d  __aeabi_memclr8                                                   
0000254d  __aeabi_memcpy                                                    
0000254d  __aeabi_memcpy4                                                   
0000254d  __aeabi_memcpy8                                                   
00002b8f  __aeabi_memset                                                    
00002b8f  __aeabi_memset4                                                   
00002b8f  __aeabi_memset8                                                   
00003d99  __aeabi_uidiv                                                     
00003d99  __aeabi_uidivmod                                                  
ffffffff  __binit__                                                         
ffffffff  __c_args__                                                        
200017f0  __stack                                                           
20000000  __start___llvm_prf_cnts                                           
20000000  __stop___llvm_prf_cnts                                            
00004b5d  _args_main                                                        
000034d9  _c_int00                                                          
2000175c  _lock                                                             
00001d17  _nop                                                              
00004ee5  _register_lock                                                    
00004ef1  _register_unlock                                                  
20001760  _unlock                                                           
000007bd  abort                                                             
ffffffff  binit                                                             
000038c9  copy_in                                                           
00002c09  distSensorFxn                                                     
200013b0  distSensorTask                                                    
20000cc0  distSensorTask_Stack                                              
200012f0  distSensorTask_Struct                                             
20001764  gpioCallbackFunctions                                             
200016a8  gpioPinConfigs                                                    
00001441  main                                                              
200017d0  main_func_sp                                                      
0000254d  memcpy                                                            
00002b95  memset                                                            
200013a8  parmbuf                                                           
00001c2d  pwmLEDFxn                                                         
00006bac  pwmTivaHWAttrs                                                    
20001390  pwmTivaObjects                                                    
00004ca5  strlen                                                            
200013b8  task                                                              
00006e2c  ti_catalog_arm_cortexm4_tiva_ce_Boot_A_mustUseEnhancedClockMode__C
00006e30  ti_catalog_arm_cortexm4_tiva_ce_Boot_Module__diagsEnabled__C      
00006e34  ti_catalog_arm_cortexm4_tiva_ce_Boot_Module__diagsIncluded__C     
00006e38  ti_catalog_arm_cortexm4_tiva_ce_Boot_Module__diagsMask__C         
00006972  ti_catalog_arm_cortexm4_tiva_ce_Boot_Module__id__C                
00004ec1  ti_catalog_arm_cortexm4_tiva_ce_Boot_init__I                      
00001659  ti_catalog_arm_cortexm4_tiva_ce_Boot_sysCtlClockSetI__I           
00002685  ti_catalog_arm_cortexm4_tiva_ce_Boot_sysCtlClockSet__E            
00004ff5  ti_catalog_arm_cortexm4_tiva_ce_Boot_sysCtlDelayI__I              
20001684  ti_sysbios_BIOS_Module__state__V                                  
00004ac1  ti_sysbios_BIOS_RtsGateProxy_Handle__label__S                     
000046c5  ti_sysbios_BIOS_RtsGateProxy_Object__delete__S                    
000009b5  ti_sysbios_BIOS_RtsGateProxy_enter__E                             
00000c9d  ti_sysbios_BIOS_RtsGateProxy_leave__E                             
00005039  ti_sysbios_BIOS_RtsGateProxy_query__E                             
00004275  ti_sysbios_BIOS_atExitFunc__I                                     
00004635  ti_sysbios_BIOS_errorRaiseHook__I                                 
00004c51  ti_sysbios_BIOS_exitFunc__I                                       
00004da1  ti_sysbios_BIOS_getCpuFreq__E                                     
00002b0d  ti_sysbios_BIOS_nullFunc__I                                       
00004659  ti_sysbios_BIOS_registerRTSLock__I                                
0000467d  ti_sysbios_BIOS_removeRTSLock__I                                  
0000480d  ti_sysbios_BIOS_rtsLock__I                                        
00004b75  ti_sysbios_BIOS_rtsUnlock__I                                      
00004db1  ti_sysbios_BIOS_setThreadType__E                                  
000046a1  ti_sysbios_BIOS_startFunc__I                                      
00004dc1  ti_sysbios_BIOS_start__E                                          
200015f8  ti_sysbios_family_arm_lm4_Timer_Module_State_0_device__A          
200016fc  ti_sysbios_family_arm_lm4_Timer_Module_State_0_handles__A         
00004b8d  ti_sysbios_family_arm_lm4_Timer_Module__startupDone__F            
00004b8d  ti_sysbios_family_arm_lm4_Timer_Module__startupDone__S            
20001744  ti_sysbios_family_arm_lm4_Timer_Module__state__V                  
000030b1  ti_sysbios_family_arm_lm4_Timer_Module_startup__E                 
2000154c  ti_sysbios_family_arm_lm4_Timer_Object__table__V                  
00006e3c  ti_sysbios_family_arm_lm4_Timer_enableFunc__C                     
00003a51  ti_sysbios_family_arm_lm4_Timer_enableTimers__I                   
00002361  ti_sysbios_family_arm_lm4_Timer_enableTiva__I                     
00004f09  ti_sysbios_family_arm_lm4_Timer_getMaxTicks__E                    
00003639  ti_sysbios_family_arm_lm4_Timer_initDevice__I                     
00003bb9  ti_sysbios_family_arm_lm4_Timer_isrStub__E                        
00004fcd  ti_sysbios_family_arm_lm4_Timer_masterDisable__I                  
00000e05  ti_sysbios_family_arm_lm4_Timer_masterEnable__I                   
00006e40  ti_sysbios_family_arm_lm4_Timer_numTimerDevices__C                
00001551  ti_sysbios_family_arm_lm4_Timer_start__E                          
00006e44  ti_sysbios_family_arm_lm4_Timer_startupNeeded__C                  
00003dd9  ti_sysbios_family_arm_lm4_Timer_startup__E                        
000042a9  ti_sysbios_family_arm_lm4_Timer_stop__E                           
000047c9  ti_sysbios_family_arm_lm4_Timer_write__I                          
00006e48  ti_sysbios_family_arm_m3_Hwi_E_NMI__C                             
00006e4c  ti_sysbios_family_arm_m3_Hwi_E_alreadyDefined__C                  
00006e50  ti_sysbios_family_arm_m3_Hwi_E_busFault__C                        
00006e54  ti_sysbios_family_arm_m3_Hwi_E_debugMon__C                        
00006e58  ti_sysbios_family_arm_m3_Hwi_E_hardFault__C                       
00006e5c  ti_sysbios_family_arm_m3_Hwi_E_memFault__C                        
00006e60  ti_sysbios_family_arm_m3_Hwi_E_noIsr__C                           
00006e64  ti_sysbios_family_arm_m3_Hwi_E_reserved__C                        
00006e68  ti_sysbios_family_arm_m3_Hwi_E_svCall__C                          
00006e6c  ti_sysbios_family_arm_m3_Hwi_E_usageFault__C                      
00004a8d  ti_sysbios_family_arm_m3_Hwi_Handle__label__S                     
000040d1  ti_sysbios_family_arm_m3_Hwi_Instance_finalize__E                 
00002721  ti_sysbios_family_arm_m3_Hwi_Instance_init__E                     
200017ca  ti_sysbios_family_arm_m3_Hwi_Module_State_0_excActive__A          
200017d4  ti_sysbios_family_arm_m3_Hwi_Module_State_0_excContext__A         
200017d8  ti_sysbios_family_arm_m3_Hwi_Module_State_0_excStack__A           
00006f64  ti_sysbios_family_arm_m3_Hwi_Module__id__C                        
2000176c  ti_sysbios_family_arm_m3_Hwi_Module__root__V                      
00004ba5  ti_sysbios_family_arm_m3_Hwi_Module__startupDone__F               
00004ba5  ti_sysbios_family_arm_m3_Hwi_Module__startupDone__S               
200015c4  ti_sysbios_family_arm_m3_Hwi_Module__state__V                     
000037d9  ti_sysbios_family_arm_m3_Hwi_Module_startup__E                    
00006e70  ti_sysbios_family_arm_m3_Hwi_NUM_INTERRUPTS__C                    
00006c80  ti_sysbios_family_arm_m3_Hwi_Object__DESC__C                      
00006b54  ti_sysbios_family_arm_m3_Hwi_Object__PARAMS__C                    
00006e74  ti_sysbios_family_arm_m3_Hwi_Object__count__C                     
00004cb9  ti_sysbios_family_arm_m3_Hwi_Object__get__S                       
20001714  ti_sysbios_family_arm_m3_Hwi_Object__table__V                     
00004f15  ti_sysbios_family_arm_m3_Hwi_Params__init__S                      
[...]
00004e21  ti_sysbios_knl_Task_disable__E                                    
00004e31  xdc_runtime_Gate_leaveSystem__E                                   
00004e41  xdc_runtime_Memory_free__E                                        
00004e51  xdc_runtime_SysMin_ready__E                                       
00004e51  xdc_runtime_System_SupportProxy_ready__E                          
00004e61  xdc_runtime_System_vsnprintf__E                                   
00004e71  xdc_runtime_Text_visitRope__I                                     
00004e81  GPIOIntStatus                                                     
00004e8f  __TI_decompress_none                                              
00004ea1  ti_sysbios_knl_Idle_loop__E                                       
00004eb1  ti_sysbios_knl_Queue_empty__E                                     
00004ec1  ti_catalog_arm_cortexm4_tiva_ce_Boot_init__I                      
00004ecd  PWMGenDisable                                                     
00004ed9  PWMGenEnable                                                      
00004ee5  _register_lock                                                    
00004ef1  _register_unlock                                                  
00004efd  __TI_zero_init                                                    
00004f09  ti_sysbios_family_arm_lm4_Timer_getMaxTicks__E                    
00004f15  ti_sysbios_family_arm_m3_Hwi_Params__init__S                      
00004f15  ti_sysbios_hal_Hwi_HwiProxy_Params__init__S                       
00004f21  ti_sysbios_family_arm_m3_Hwi_disableFxn__E                        
00004f21  ti_sysbios_hal_Hwi_HwiProxy_disable__E                            
00004f31  ti_sysbios_family_arm_m3_TaskSupport_checkStack__E                
00004f31  ti_sysbios_knl_Task_SupportProxy_checkStack__E                    
00004f41  ti_sysbios_family_arm_m3_TaskSupport_getStackAlignment__E         
00004f41  ti_sysbios_knl_Task_SupportProxy_getStackAlignment__E             
00004f51  ti_sysbios_gates_GateHwi_enter__E                                 
00004f5d  ti_sysbios_knl_Queue_Object__get__S                               
00004f69  ti_sysbios_knl_Task_Params__init__S                               
00004f81  xdc_runtime_Error_init__E                                         
00004f8d  xdc_runtime_Gate_enterSystem__E                                   
00004f99  xdc_runtime_Memory_calloc__E                                      
00004fa5  xdc_runtime_Memory_getMaxDefaultTypeAlign__E                      
00004fb1  xdc_runtime_Memory_HeapProxy_alloc__E                             
00004fbb  xdc_runtime_Memory_HeapProxy_free__E                              
00004fc5  EK_TM4C123GXL_initGPIO                                            
00004fcd  ti_sysbios_family_arm_lm4_Timer_masterDisable__I                  
00004fd9  ti_sysbios_family_arm_m3_Hwi_doSwiRestore__I                      
00004fe1  ti_sysbios_family_arm_m3_Hwi_startup__E                           
00004fe1  ti_sysbios_hal_Hwi_HwiProxy_startup__E                            
00004fe1  ti_sysbios_hal_Hwi_startup__E                                     
00004fe9  GPIOIntClear                                                      
00004fef  GPIOPinWrite                                                      
00004ff5  ti_catalog_arm_cortexm4_tiva_ce_Boot_sysCtlDelayI__I              
00004ffb  xdc_runtime_System_Module_startup__E                              
00005001  ti_sysbios_family_arm_m3_Hwi_doTaskRestore__I                     
00005009  ti_sysbios_family_arm_m3_Hwi_restoreFxn__E                        
00005009  ti_sysbios_hal_Hwi_HwiProxy_restore__E                            
00005011  ti_sysbios_gates_GateHwi_leave__E                                 
00005019  ti_sysbios_heaps_HeapMem_isBlocking__E                            
00005021  ti_sysbios_knl_Queue_Instance_init__E                             
00005029  ti_sysbios_knl_Swi_startup__E                                     
00005031  ti_sysbios_gates_GateHwi_query__E                                 
00005031  xdc_runtime_Main_Module_GateProxy_query__E                        
00005031  xdc_runtime_System_Module_GateProxy_query__E                      
00005039  ti_sysbios_BIOS_RtsGateProxy_query__E                             
00005039  ti_sysbios_gates_GateMutex_query__E                               
00005039  ti_sysbios_heaps_HeapMem_Module_GateProxy_query__E                
00005041  ti_sysbios_knl_Task_startup__E                                    
00005049  ti_sysbios_gates_GateHwi_Instance_init__E                         
00005051  ti_sysbios_knl_Clock_logTick__E                                   
00005054  xdc_runtime_Text_charTab__A                                       
000068b5  xdc_runtime_Error_policy__C                                       
000068b6  xdc_runtime_Text_nodeTab__A                                       
00006972  ti_catalog_arm_cortexm4_tiva_ce_Boot_Module__id__C                
00006ae8  ti_sysbios_knl_Task_Object__PARAMS__C                             
00006b24  PWM_config                                                        
00006b54  ti_sysbios_family_arm_m3_Hwi_Object__PARAMS__C                    
00006b84  ti_sysbios_heaps_HeapMem_Module__FXNS__C                          
00006bac  pwmTivaHWAttrs                                                    
00006bd0  ti_sysbios_gates_GateHwi_Module__FXNS__C                          
00006bf4  ti_sysbios_gates_GateMutex_Module__FXNS__C                        
00006c18  ti_sysbios_heaps_HeapMem_Object__PARAMS__C                        
00006c3c  ti_sysbios_knl_Semaphore_Object__PARAMS__C                        
00006c60  PWMTiva_fxnTable                                                  
00006c7c  PWMTiva_MAX_PRESCALAR                                             
00006c7e  PWMTiva_MAX_MATCH_VALUE                                           
00006c80  ti_sysbios_family_arm_m3_Hwi_Object__DESC__C                      
00006ca0  ti_sysbios_gates_GateHwi_Object__DESC__C                          
00006cc0  ti_sysbios_gates_GateMutex_Object__DESC__C                        
00006ce0  ti_sysbios_heaps_HeapMem_Object__DESC__C                          
00006d00  ti_sysbios_knl_Queue_Object__DESC__C                              
00006d20  ti_sysbios_knl_Semaphore_Object__DESC__C                          
00006d40  ti_sysbios_knl_Task_Object__DESC__C                               
00006d60  xdc_runtime_Startup_sfxnTab__A                                    
00006d80  ti_sysbios_gates_GateHwi_Object__PARAMS__C                        
00006d98  ti_sysbios_gates_GateMutex_Object__PARAMS__C                      
00006db0  ti_sysbios_knl_Queue_Object__PARAMS__C                            
00006dc8  GPIOTiva_config                                                   
00006ddc  xdc_runtime_Startup_firstFxns__A                                  
00006df0  xdc_runtime_Startup_sfxnRts__A                                    
00006e00  PWM_defaultParams                                                 
00006e0c  ti_sysbios_family_arm_m3_Hwi_excHookFuncs__A                      
00006e14  ti_sysbios_knl_Idle_funcList__C                                   
00006e1c  xdc_runtime_Startup_firstFxns__C                                  
00006e24  xdc_runtime_Startup_lastFxns__C                                   
00006e2c  ti_catalog_arm_cortexm4_tiva_ce_Boot_A_mustUseEnhancedClockMode__C
00006e30  ti_catalog_arm_cortexm4_tiva_ce_Boot_Module__diagsEnabled__C      
00006e34  ti_catalog_arm_cortexm4_tiva_ce_Boot_Module__diagsIncluded__C     
00006e38  ti_catalog_arm_cortexm4_tiva_ce_Boot_Module__diagsMask__C         
00006e3c  ti_sysbios_family_arm_lm4_Timer_enableFunc__C                     
00006e40  ti_sysbios_family_arm_lm4_Timer_numTimerDevices__C                
00006e44  ti_sysbios_family_arm_lm4_Timer_startupNeeded__C                  
00006e48  ti_sysbios_family_arm_m3_Hwi_E_NMI__C                             
00006e4c  ti_sysbios_family_arm_m3_Hwi_E_alreadyDefined__C                  
00006e50  ti_sysbios_family_arm_m3_Hwi_E_busFault__C                        
00006e54  ti_sysbios_family_arm_m3_Hwi_E_debugMon__C                        
00006e58  ti_sysbios_family_arm_m3_Hwi_E_hardFault__C                       
00006e5c  ti_sysbios_family_arm_m3_Hwi_E_memFault__C                        
00006e60  ti_sysbios_family_arm_m3_Hwi_E_noIsr__C                           
00006e64  ti_sysbios_family_arm_m3_Hwi_E_reserved__C                        
00006e68  ti_sysbios_family_arm_m3_Hwi_E_svCall__C                          
00006e6c  ti_sysbios_family_arm_m3_Hwi_E_usageFault__C                      
00006e70  ti_sysbios_family_arm_m3_Hwi_NUM_INTERRUPTS__C                    
00006e74  ti_sysbios_family_arm_m3_Hwi_Object__count__C                     
00006e78  ti_sysbios_family_arm_m3_Hwi_ccr__C                               
00006e7c  ti_sysbios_family_arm_m3_Hwi_excHandlerFunc__C                    
00006e80  ti_sysbios_family_arm_m3_Hwi_excHookFuncs__C                      
00006e84  ti_sysbios_family_arm_m3_Hwi_nullIsrFunc__C                       
00006e88  ti_sysbios_family_arm_m3_Hwi_priGroup__C                          
00006e8c  ti_sysbios_family_arm_m3_TaskSupport_stackAlignment__C            
00006e90  ti_sysbios_gates_GateMutex_Instance_State_sem__O                  
00006e94  ti_sysbios_hal_Hwi_E_stackOverflow__C                             
00006e98  ti_sysbios_heaps_HeapMem_E_memory__C                              
00006e9c  ti_sysbios_heaps_HeapMem_Module__gateObj__C                       
00006ea0  ti_sysbios_heaps_HeapMem_Object__count__C                         
00006ea4  ti_sysbios_heaps_HeapMem_reqAlign__C                              
00006ea8  ti_sysbios_knl_Clock_Module_State_clockQ__O                       
00006eac  ti_sysbios_knl_Idle_funcList__A                                   
00006eb0  ti_sysbios_knl_Semaphore_Instance_State_pendQ__O                  
00006eb4  ti_sysbios_knl_Swi_Object__count__C                               
00006eb8  ti_sysbios_knl_Task_E_spOutOfBounds__C                            
00006ebc  ti_sysbios_knl_Task_E_stackOverflow__C                            
00006ec0  ti_sysbios_knl_Task_Module_State_inactiveQ__O                     
00006ec4  ti_sysbios_knl_Task_Object__count__C                              
00006ec8  ti_sysbios_knl_Task_allBlockedFunc__C                             
00006ecc  ti_sysbios_knl_Task_defaultStackHeap__C                           
00006ed0  ti_sysbios_knl_Task_defaultStackSize__C                           
00006ed4  ti_sysbios_knl_Task_numConstructedTasks__C                        
00006ed8  xdc_runtime_Assert_E_assertFailed__C                              
00006edc  xdc_runtime_Core_A_initializedParams__C                           
00006ee0  xdc_runtime_Core_Module__diagsEnabled__C                          
00006ee4  xdc_runtime_Core_Module__diagsIncluded__C                         
00006ee8  xdc_runtime_Core_Module__diagsMask__C                             
00006eec  xdc_runtime_Error_E_memory__C                                     
00006ef0  xdc_runtime_Error_Module__diagsEnabled__C                         
00006ef4  xdc_runtime_Error_Module__diagsIncluded__C                        
00006ef8  xdc_runtime_Error_Module__diagsMask__C                            
00006efc  xdc_runtime_Error_Module__loggerFxn8__C                           
00006f00  xdc_runtime_Error_Module__loggerObj__C                            
00006f04  xdc_runtime_Error_policyFxn__C                                    
00006f08  xdc_runtime_Error_raiseHook__C                                    
00006f0c  xdc_runtime_IGateProvider_Interface__BASE__C                      
00006f10  xdc_runtime_IHeap_Interface__BASE__C                              
00006f14  xdc_runtime_IModule_Interface__BASE__C                            
00006f18  xdc_runtime_Log_L_error__C                                        
00006f1c  xdc_runtime_Memory_defaultHeapInstance__C                         
00006f20  xdc_runtime_Startup_execImpl__C                                   
00006f24  xdc_runtime_Startup_maxPasses__C                                  
00006f28  xdc_runtime_Startup_sfxnRts__C                                    
00006f2c  xdc_runtime_Startup_sfxnTab__C                                    
00006f30  xdc_runtime_SysMin_bufSize__C                                     
00006f34  xdc_runtime_SysMin_outputFunc__C                                  
00006f38  xdc_runtime_System_Module__gateObj__C                             
00006f3c  xdc_runtime_System_abortFxn__C                                    
00006f40  xdc_runtime_System_exitFxn__C                                     
00006f44  xdc_runtime_System_extendFxn__C                                   
00006f48  xdc_runtime_System_maxAtexitHandlers__C                           
00006f4c  xdc_runtime_Text_charTab__C                                       
00006f50  xdc_runtime_Text_nameEmpty__C                                     
00006f54  xdc_runtime_Text_nameStatic__C                                    
00006f58  xdc_runtime_Text_nameUnknown__C                                   
00006f5c  xdc_runtime_Text_nodeTab__C                                       
00006f60  xdc_runtime_Text_visitRopeFxn__C                                  
00006f64  ti_sysbios_family_arm_m3_Hwi_Module__id__C                        
00006f66  ti_sysbios_hal_Hwi_Module__id__C                                  
00006f68  ti_sysbios_heaps_HeapMem_Module__id__C                            
00006f6a  ti_sysbios_knl_Task_Module__id__C                                 
00006f6c  xdc_runtime_Core_Module__id__C                                    
00006f6e  xdc_runtime_Error_Module__loggerDefined__C                        
00006f70  xdc_runtime_Error_maxDepth__C                                     
00006f72  xdc_runtime_Memory_Module__id__C                                  
00006f74  xdc_runtime_SysMin_flushAtExit__C                                 
00006f76  xdc_runtime_Text_charCnt__C                                       
00006f78  xdc_runtime_Text_isLoaded__C                                      
00006f7a  xdc_runtime_Text_registryModsLastId__C                            
00006f7c  xdc_runtime_Text_unnamedModsLastId__C                             
00006f80  __TI_static_base__                                                
0000715c  __TI_Handler_Table_Base                                           
00007168  __TI_Handler_Table_Limit                                          
00007178  __TI_CINIT_Base                                                   
00007190  __TI_CINIT_Limit                                                  
20000000  __start___llvm_prf_cnts                                           
20000000  __stop___llvm_prf_cnts                                            
20000000  ti_sysbios_family_arm_m3_Hwi_ramVectors                           
20000360  ti_sysbios_heaps_HeapMem_Instance_State_0_buf__A                  
20000760  ti_sysbios_family_arm_m3_Hwi_dispatchTable                        
20000ac0  ti_sysbios_knl_Task_Instance_State_0_stack__A                     
20000cc0  distSensorTask_Stack                                              
20000ec0  tsk0Stack                                                         
200010c0  __CIOBUF_                                                         
20001270  xdc_runtime_SysMin_Module_State_0_outbuf__A                       
200012f0  distSensorTask_Struct                                             
20001340  tsk0Struct                                                        
20001390  pwmTivaObjects                                                    
200013a8  parmbuf                                                           
200013b0  distSensorTask                                                    
200013b8  task                                                              
200013bc  ti_sysbios_knl_Swi_Module_State_0_readyQ__A                       
2000143c  ti_sysbios_knl_Task_Module_State_0_readyQ__A                      
200014bc  ti_sysbios_knl_Task_Object__table__V                              
20001508  ti_sysbios_knl_Task_Module__state__V                              
2000154c  ti_sysbios_family_arm_lm4_Timer_Object__table__V                  
2000158c  ti_sysbios_gates_GateMutex_Object__table__V                       
200015c4  ti_sysbios_family_arm_m3_Hwi_Module__state__V                     
200015f8  ti_sysbios_family_arm_lm4_Timer_Module_State_0_device__A          
20001628  ti_sysbios_knl_Swi_Object__table__V                               
20001658  ti_sysbios_knl_Clock_Module__state__V                             
20001684  ti_sysbios_BIOS_Module__state__V                                  
200016a8  gpioPinConfigs                                                    
200016c8  ti_sysbios_knl_Swi_Module__state__V                               
200016fc  ti_sysbios_family_arm_lm4_Timer_Module_State_0_handles__A         
20001714  ti_sysbios_family_arm_m3_Hwi_Object__table__V                     
2000172c  ti_sysbios_heaps_HeapMem_Object__table__V                         
20001744  ti_sysbios_family_arm_lm4_Timer_Module__state__V                  
20001750  xdc_runtime_SysMin_Module__state__V                               
2000175c  _lock                                                             
20001760  _unlock                                                           
20001764  gpioCallbackFunctions                                             
2000176c  ti_sysbios_family_arm_m3_Hwi_Module__root__V                      
20001774  ti_sysbios_gates_GateHwi_Module__root__V                          
2000177c  ti_sysbios_gates_GateMutex_Module__root__V                        
20001784  ti_sysbios_heaps_HeapMem_Module__root__V                          
2000178c  ti_sysbios_knl_Queue_Module__root__V                              
20001794  ti_sysbios_knl_Semaphore_Module__root__V                          
2000179c  ti_sysbios_knl_Task_Module__root__V                               
200017a4  xdc_runtime_Registry_Module__state__V                             
200017ac  xdc_runtime_Startup_Module__state__V                              
200017b4  xdc_runtime_System_Module_State_0_atexitHandlers__A               
200017bc  xdc_runtime_System_Module__state__V                               
200017ca  ti_sysbios_family_arm_m3_Hwi_Module_State_0_excActive__A          
200017d0  main_func_sp                                                      
200017d4  ti_sysbios_family_arm_m3_Hwi_Module_State_0_excContext__A         
200017d8  ti_sysbios_family_arm_m3_Hwi_Module_State_0_excStack__A           
200017dc  ti_sysbios_gates_GateHwi_Object__table__V                         
200017e0  ti_sysbios_knl_Task_Module_State_0_idleTask__A                    
200017e4  xdc_runtime_Memory_Module__state__V                               
200017e8  xdc_runtime_Error_Module__state__V                                
200017f0  __stack                                                           
20001af0  __STACK_END                                                       
e000e000  ti_sysbios_family_arm_m3_Hwi_nvic                                 
ffffffff  __TI_pprof_out_hndl                                               
ffffffff  __TI_prof_data_size                                               
ffffffff  __TI_prof_data_start                                              
ffffffff  __binit__                                                         
ffffffff  __c_args__                                                        
ffffffff  binit                                                             
UNDEFED   SHT$$INIT_ARRAY$$Base                                             
UNDEFED   SHT$$INIT_ARRAY$$Limit                                            

[548 symbols]
