******************************************************************************
                  TI ARM Linker Unix v20.2.5                   
******************************************************************************
>> Linked Sun Jan 23 16:29:17 2022

OUTPUT FILE NAME:   <werewolf_TM4C123GXL.out>
ENTRY POINT SYMBOL: "_c_int00"  address: 000037a9


MEMORY CONFIGURATION

         name            origin    length      used     unused   attr    fill
----------------------  --------  ---------  --------  --------  ----  --------
  FLASH                 00000000   00040000  00007434  00038bcc  R  X
  SRAM                  20000000   00008000  00001d3e  000062c2  RW X


SEGMENT ALLOCATION MAP

run origin  load origin   length   init length attrs members
----------  ----------- ---------- ----------- ----- -------
00000000    00000000    00007440   00007440    r-x
  00000000    00000000    0000003c   0000003c    r-- .resetVecs
  00000040    00000040    000052c2   000052c2    r-x .text
  00005304    00005304    00001f2e   00001f2e    r-- .const
  00007238    00007238    00000208   00000208    r-- .cinit
20000000    20000000    00001d40   00000000    rw-
  20000000    20000000    00000360   00000000    rw- .vecs
  20000360    20000360    000012b0   00000000    rw- .bss
  20001610    20001610    0000042e   00000000    rw- .data
  20001a40    20001a40    00000300   00000000    rw- .stack


SECTION ALLOCATION MAP

 output                                  attributes/
section   page    origin      length       input sections
--------  ----  ----------  ----------   ----------------
.text      0    00000040    000052c2     
                  00000040    00000430     sysbios.aem4f : BIOS.obj (.text:ti_sysbios_family_arm_m3_Hwi_excDumpRegs__I)
                  00000470    0000034c     ti.targets.arm.rtsarm.aem4f : System.oem4f (.text:xdc_runtime_System_doPrint__I)
                  000007bc    00000004     rtsv7M4_T_le_v4SPD16_eabi.lib : exit.c.obj (.text:abort:abort)
                  000007c0    000001f4     sysbios.aem4f : BIOS.obj (.text:ti_sysbios_family_arm_m3_Hwi_excHandlerMax__I)
                  000009b4    00000190     werewolf.obj (.text:distSensorFxn)
                  00000b44    00000004     pwmled_pem4f.oem4f (.text:ti_sysbios_BIOS_RtsGateProxy_enter__E)
                  00000b48    00000174     sysbios.aem4f : BIOS.obj (.text:ti_sysbios_family_arm_m3_Hwi_excBusFault__I)
                  00000cbc    00000170     drivers_tivaware.aem4f : PWMTiva.oem4f (.text:PWMTiva_open)
                  00000e2c    00000004     pwmled_pem4f.oem4f (.text:ti_sysbios_BIOS_RtsGateProxy_leave__E)
                  00000e30    00000164     sysbios.aem4f : BIOS.obj (.text:ti_sysbios_family_arm_m3_Hwi_excUsageFault__I)
                  00000f94    00000004                   : BIOS.obj (.text:ti_sysbios_family_arm_lm4_Timer_masterEnable__I)
                  00000f98    00000154                   : BIOS.obj (.text:ti_sysbios_knl_Semaphore_pend__E)
                  000010ec    00000150     drivers_tivaware.aem4f : GPIOTiva.oem4f (.text:GPIO_setConfig)
                  0000123c    00000148     werewolf.obj (.text:main)
                  00001384    00000004     pwmled_pem4f.oem4f (.text:ti_sysbios_family_arm_m3_TaskSupport_Module__startupDone__S)
                  00001388    00000148     sysbios.aem4f : BIOS.obj (.text:ti_sysbios_family_arm_m3_Hwi_excMemFault__I)
                  000014d0    00000130     driverlib.lib : gpio.obj (.text:GPIOPadConfigSet)
                  00001600    00000118     ti.targets.arm.rtsarm.aem4f : Error.oem4f (.text:xdc_runtime_Error_policyDefault__E)
                  00001718    00000108     sysbios.aem4f : BIOS.obj (.text:ti_sysbios_family_arm_lm4_Timer_start__E)
                  00001820    00000100     Boot.aem4f : Boot_sysctl.oem4f (.text:ti_catalog_arm_cortexm4_tiva_ce_Boot_sysCtlClockSetI__I)
                  00001920    00000100     ti.targets.arm.rtsarm.aem4f : Core-mem.oem4f (.text:xdc_runtime_Core_createObject__I)
                  00001a20    000000f8                                 : Startup.oem4f (.text:xdc_runtime_Startup_startMods__I)
                  00001b18    000000f8     pwmled_pem4f.oem4f (.text:xdc_runtime_System_printfExtend__I)
                  00001c10    000000f4     werewolf.obj (.text:pulseDuration)
                  00001d04    000000f4     sysbios.aem4f : m3_Hwi_asm.obj (.text:ti_sysbios_family_arm_m3_Hwi_dispatch__I)
                  00001df8    000000f0     drivers_tivaware.aem4f : PWMTiva.oem4f (.text:PWMTiva_setDuty)
                  00001ee8    000000dc     sysbios.aem4f : BIOS.obj (.text:ti_sysbios_knl_Task_sleep__E)
                  00001fc4    00000004     pwmled_pem4f.oem4f (.text:ti_sysbios_heaps_HeapMem_Module_GateProxy_enter__E)
                  00001fc8    000000d4     sysbios.aem4f : BIOS.obj (.text:ti_sysbios_heaps_HeapMem_alloc__E)
                  0000209c    00000004     pwmled_pem4f.oem4f (.text:ti_sysbios_heaps_HeapMem_Module_GateProxy_leave__E)
                  000020a0    000000cc     sysbios.aem4f : BIOS.obj (.text:ti_sysbios_knl_Task_Instance_init__E)
                  0000216c    000000cc     ti.targets.arm.rtsarm.aem4f : Core-smem.oem4f (.text:xdc_runtime_Core_constructObject__I)
                  00002238    000000bc     sysbios.aem4f : BIOS.obj (.text:ti_sysbios_family_arm_m3_Hwi_excDebugMon__I)
                  000022f4    00000004     pwmled_pem4f.oem4f (.text:ti_sysbios_knl_Clock_TimerProxy_getMaxTicks__E)
                  000022f8    000000bc     sysbios.aem4f : BIOS.obj (.text:ti_sysbios_family_arm_m3_Hwi_excHardFault__I)
                  000023b4    00000004     pwmled_pem4f.oem4f (.text:ti_sysbios_knl_Queue_destruct)
                  000023b8    000000bc     sysbios.aem4f : BIOS.obj (.text:ti_sysbios_knl_Task_Instance_finalize__E)
                  00002474    00000004     pwmled_pem4f.oem4f (.text:ti_sysbios_knl_Semaphore_destruct)
                  00002478    000000b4     sysbios.aem4f : BIOS.obj (.text:ti_sysbios_knl_Task_checkStacks__E)
                  0000252c    000000b0     werewolf.obj (.text:headSideToSideFxn)
                  000025dc    00000004     ti.targets.arm.rtsarm.aem4f : Error.oem4f (.text:xdc_runtime_Error_getSite__E)
                  000025e0    000000ac     sysbios.aem4f : BIOS.obj (.text:ti_sysbios_family_arm_lm4_Timer_enableTiva__I)
                  0000268c    000000a0     auto_init.aem4f : auto_init.oem4f (.text)
                  0000272c    000000a0     ti.targets.arm.rtsarm.aem4f : Text.oem4f (.text:xdc_runtime_Text_putMod__E)
                  000027cc    0000009c     rtsv7M4_T_le_v4SPD16_eabi.lib : memcpy_t2.asm.obj (.text)
                  00002868    0000009a     ti.targets.arm.rtsarm.aem4f : Text.oem4f (.text:xdc_runtime_Text_putSite__E)
                  00002902    00000002     rtsv7M4_T_le_v4SPD16_eabi.lib : _lock.c.obj (.text:_nop)
                  00002904    00000098     Boot.aem4f : Boot.oem4f (.text:ti_catalog_arm_cortexm4_tiva_ce_Boot_sysCtlClockSet__E)
                  0000299c    00000004     pwmled_pem4f.oem4f (.text:xdc_runtime_System_Module_GateProxy_enter__E)
                  000029a0    00000094     sysbios.aem4f : BIOS.obj (.text:ti_sysbios_family_arm_m3_Hwi_Instance_init__E)
                  00002a34    00000004     pwmled_pem4f.oem4f (.text:xdc_runtime_System_Module_GateProxy_leave__E)
                  00002a38    00000094     sysbios.aem4f : BIOS.obj (.text:ti_sysbios_family_arm_m3_Hwi_initNVIC__E)
                  00002acc    00000004     ti.targets.arm.rtsarm.aem4f : System.oem4f (.text:xdc_runtime_System_aprintf_va__F)
                  00002ad0    00000094     sysbios.aem4f : BIOS.obj (.text:ti_sysbios_knl_Task_postInit__I)
                  00002b64    0000008c     drivers_tivaware.aem4f : GPIOTiva.oem4f (.text:GPIO_init)
                  00002bf0    0000008c     sysbios.aem4f : m3_TaskSupport_asm.obj (.text:ti_sysbios_family_arm_m3_TaskSupport_buildTaskStack)
                  00002c7c    00000088     drivers_tivaware.aem4f : PWMTiva.oem4f (.text:PWMTiva_control)
                  00002d04    00000004     ti.targets.arm.rtsarm.aem4f : System.oem4f (.text:xdc_runtime_System_printf_va__F)
                  00002d08    00000084     sysbios.aem4f : BIOS.obj (.text:ti_sysbios_family_arm_m3_Hwi_postInit__I)
                  00002d8c    00000002     rtsv7M4_T_le_v4SPD16_eabi.lib : div0.asm.obj (.text)
                  00002d8e    00000002     pwmled_pem4f.oem4f (.text:ti_sysbios_BIOS_nullFunc__I)
                  00002d90    0000007c     sysbios.aem4f : BIOS.obj (.text:ti_sysbios_heaps_HeapMem_free__E)
                  00002e0c    0000007a     rtsv7M4_T_le_v4SPD16_eabi.lib : memset_t2.asm.obj (.text)
                  00002e86    00000002     pwmled_pem4f.oem4f (.text:xdc_runtime_Startup_reset__I)
                  00002e88    00000070     sysbios.aem4f : BIOS.obj (.text:ti_sysbios_knl_Clock_workFunc__E)
                  00002ef8    00000070                   : BIOS.obj (.text:ti_sysbios_knl_Task_exit__E)
                  00002f68    0000006d     ti.targets.arm.rtsarm.aem4f : System.oem4f (.text:xdc_runtime_System_formatNum__I)
                  00002fd5    00000003     --HOLE-- [fill = 0]
                  00002fd8    0000006c     sysbios.aem4f : BIOS.obj (.text:ti_sysbios_knl_Swi_restoreHwi__E)
                  00003044    0000006c     ti.targets.arm.rtsarm.aem4f : Error.oem4f (.text:xdc_runtime_Error_print__E)
                  000030b0    0000006c                                 : Memory.oem4f (.text:xdc_runtime_Memory_alloc__E)
                  0000311c    0000006a     drivers_tivaware.aem4f : PWMTiva.oem4f (.text:PWMTiva_close)
                  00003186    00000068     rtsv7M4_T_le_v4SPD16_eabi.lib : copy_decompress_lzss.c.obj (.text:decompress:lzss:__TI_decompress_lzss)
                  000031ee    00000002     --HOLE-- [fill = 0]
                  000031f0    00000068     werewolf.obj (.text:headUpAndDownFxn)
                  00003258    00000066     ti.targets.arm.rtsarm.aem4f : Core-mem.oem4f (.text:xdc_runtime_Core_deleteObject__I)
                  000032be    00000002     --HOLE-- [fill = 0]
                  000032c0    00000064     drivers_tivaware.aem4f : GPIOTiva.oem4f (.text:GPIO_hwiIntFxn)
                  00003324    00000004     --HOLE-- [fill = 0]
                  00003328    00000064     sysbios.aem4f : BIOS.obj (.text:ti_sysbios_family_arm_lm4_Timer_Module_startup__E)
                  0000338c    00000064     pwmled_pem4f.oem4f (.text:ti_sysbios_family_arm_m3_Hwi_create)
                  000033f0    00000064     sysbios.aem4f : BIOS.obj (.text:ti_sysbios_family_arm_m3_Hwi_dispatchC__I)
                  00003454    00000004     --HOLE-- [fill = 0]
                  00003458    00000064                   : BIOS.obj (.text:ti_sysbios_knl_Semaphore_post__E)
                  000034bc    00000004     --HOLE-- [fill = 0]
                  000034c0    00000060                   : BIOS.obj (.text:ti_sysbios_knl_Task_schedule__I)
                  00003520    0000005c                   : BIOS.obj (.text:ti_sysbios_knl_Swi_run__I)
                  0000357c    00000004     --HOLE-- [fill = 0]
                  00003580    0000005c                   : BIOS.obj (.text:ti_sysbios_knl_Swi_schedule__I)
                  000035dc    00000004     --HOLE-- [fill = 0]
                  000035e0    0000005c                   : BIOS.obj (.text:ti_sysbios_knl_Task_Module_startup__E)
                  0000363c    00000004     --HOLE-- [fill = 0]
                  00003640    0000005c                   : BIOS.obj (.text:ti_sysbios_knl_Task_startCore__E)
                  0000369c    0000005b     ti.targets.arm.rtsarm.aem4f : Text.oem4f (.text:xdc_runtime_Text_putLab__E)
                  000036f7    00000001     --HOLE-- [fill = 0]
                  000036f8    00000058     EK_TM4C123GXL.obj (.text:EK_TM4C123GXL_initPWM)
                  00003750    00000058     rtsv7M4_T_le_v4SPD16_eabi.lib : hostwrite.c.obj (.text:HOSTwrite)
                  000037a8    00000058     boot.aem4f : boot.oem4f (.text)
                  00003800    00000058     sysbios.aem4f : m3_Hwi_asm_switch.obj (.text:ti_sysbios_family_arm_m3_Hwi_initStacks__E)
                  00003858    00000056     driverlib.lib : gpio.obj (.text:GPIOIntTypeSet)
                  000038ae    00000002     --HOLE-- [fill = 0]
                  000038b0    00000054     sysbios.aem4f : BIOS.obj (.text:ti_sysbios_family_arm_lm4_Timer_initDevice__I)
                  00003904    00000054     pwmled_pem4f.oem4f (.text:ti_sysbios_knl_Task_construct)
                  00003958    00000054     ti.targets.arm.rtsarm.aem4f : Assert.oem4f (.text:xdc_runtime_Assert_raise__I)
                  000039ac    00000050     drivers_tivaware.aem4f : GPIOTiva.oem4f (.text:GPIO_setCallback)
                  000039fc    00000050                            : GPIOTiva.oem4f (.text:GPIO_write)
                  00003a4c    00000004     --HOLE-- [fill = 0]
                  00003a50    00000050     sysbios.aem4f : BIOS.obj (.text:ti_sysbios_family_arm_m3_Hwi_Module_startup__E)
                  00003aa0    00000050     ti.targets.arm.rtsarm.aem4f : Startup.oem4f (.text:xdc_runtime_Startup_exec__E)
                  00003af0    00000050                                 : Text.oem4f (.text:xdc_runtime_Text_visitRope2__I)
                  00003b40    0000004c     rtsv7M4_T_le_v4SPD16_eabi.lib : cpy_tbl.c.obj (.text:copy_in)
                  00003b8c    00000004     --HOLE-- [fill = 0]
                  00003b90    0000004c     sysbios.aem4f : BIOS.obj (.text:ti_sysbios_heaps_HeapMem_getStats__E)
                  00003bdc    00000004     --HOLE-- [fill = 0]
                  00003be0    0000004c                   : BIOS.obj (.text:ti_sysbios_knl_Swi_runLoop__I)
                  00003c2c    00000004     --HOLE-- [fill = 0]
                  00003c30    0000004c                   : BIOS.obj (.text:ti_sysbios_knl_Task_allBlockedFunction__I)
                  00003c7c    00000048     driverlib.lib : gpio.obj (.text:GPIOPinConfigure)
                  00003cc4    00000004     --HOLE-- [fill = 0]
                  00003cc8    00000048     sysbios.aem4f : BIOS.obj (.text:ti_sysbios_family_arm_lm4_Timer_enableTimers__I)
                  00003d10    00000048                   : BIOS.obj (.text:ti_sysbios_family_arm_m3_Hwi_disableInterrupt__E)
                  00003d58    00000048                   : BIOS.obj (.text:ti_sysbios_family_arm_m3_Hwi_enableInterrupt__E)
                  00003da0    00000048                   : BIOS.obj (.text:ti_sysbios_family_arm_m3_Hwi_excReserved__I)
                  00003de8    00000046     ti.targets.arm.rtsarm.aem4f : Core-params.oem4f (.text:xdc_runtime_Core_assignParams__I)
                  00003e2e    00000002     --HOLE-- [fill = 0]
                  00003e30    00000044     sysbios.aem4f : BIOS.obj (.text:ti_sysbios_family_arm_lm4_Timer_isrStub__E)
                  00003e74    00000004     --HOLE-- [fill = 0]
                  00003e78    00000044                   : BIOS.obj (.text:ti_sysbios_family_arm_m3_Hwi_getStackInfo__E)
                  00003ebc    00000004     --HOLE-- [fill = 0]
                  00003ec0    00000044                   : BIOS.obj (.text:ti_sysbios_knl_Swi_post__E)
                  00003f04    00000044     ti.targets.arm.rtsarm.aem4f : Error.oem4f (.text:xdc_runtime_Error_setX__E)
                  00003f48    00000044                                 : SysMin.oem4f (.text:xdc_runtime_SysMin_flush__E)
                  00003f8c    00000044                                 : Text.oem4f (.text:xdc_runtime_Text_xprintf__I)
                  00003fd0    00000040     EK_TM4C123GXL.obj (.text:EK_TM4C123GXL_initGeneral)
                  00004010    00000040     rtsv7M4_T_le_v4SPD16_eabi.lib : u_divt2.asm.obj (.text)
                  00004050    00000040     sysbios.aem4f : BIOS.obj (.text:ti_sysbios_family_arm_lm4_Timer_startup__E)
                  00004090    00000040                   : BIOS.obj (.text:ti_sysbios_heaps_HeapMem_Instance_init__E)
                  000040d0    0000003c                   : BIOS.obj (.text:ti_sysbios_family_arm_m3_Hwi_excSvCall__I)
                  0000410c    00000004     --HOLE-- [fill = 0]
                  00004110    0000003c                   : BIOS.obj (.text:ti_sysbios_heaps_HeapMem_init__I)
                  0000414c    00000004     --HOLE-- [fill = 0]
                  00004150    0000003c                   : BIOS.obj (.text:ti_sysbios_knl_Swi_restore__E)
                  0000418c    00000038     drivers_tivaware.aem4f : PWM.oem4f (.text:PWM_init)
                  000041c4    00000038     rtsv7M4_T_le_v4SPD16_eabi.lib : trgmsg.c.obj (.text:__TI_writemsg)
                  000041fc    00000004     --HOLE-- [fill = 0]
                  00004200    00000038     sysbios.aem4f : BIOS.obj (.text:ti_sysbios_family_arm_m3_Hwi_excNoIsr__I)
                  00004238    00000038                   : BIOS.obj (.text:ti_sysbios_knl_Task_processVitalTaskFlag__I)
                  00004270    00000038     ti.targets.arm.rtsarm.aem4f : SysMin.oem4f (.text:xdc_runtime_SysMin_putch__E)
                  000042a8    00000038                                 : System.oem4f (.text:xdc_runtime_System_atexit__E)
                  000042e0    00000034     driverlib.lib : sysctl.obj (.text:SysCtlPeripheralEnable)
                  00004314    00000034     rtsv7M4_T_le_v4SPD16_eabi.lib : trgmsg.c.obj (.text:__TI_readmsg)
                  00004348    00000034     sysbios.aem4f : BIOS.obj (.text:ti_sysbios_family_arm_m3_Hwi_Instance_finalize__E)
                  0000437c    00000004     --HOLE-- [fill = 0]
                  00004380    00000034                   : BIOS.obj (.text:ti_sysbios_family_arm_m3_Hwi_excNmi__I)
                  000043b4    00000004     --HOLE-- [fill = 0]
                  000043b8    00000034                   : BIOS.obj (.text:ti_sysbios_hal_Hwi_checkStack)
                  000043ec    00000034     ti.targets.arm.rtsarm.aem4f : Core-label.oem4f (.text:xdc_runtime_Core_assignLabel__I)
                  00004420    00000033                                 : Text.oem4f (.text:xdc_runtime_Text_printVisFxn__I)
                  00004453    00000005     --HOLE-- [fill = 0]
                  00004458    00000032     sysbios.aem4f : BIOS.obj (.text:ti_sysbios_hal_Hwi_initStack)
                  0000448a    00000002     --HOLE-- [fill = 0]
                  0000448c    00000030     drivers_tivaware.aem4f : GPIOTiva.oem4f (.text:GPIO_read)
                  000044bc    00000030                            : PWMTiva.oem4f (.text:PWMTiva_init)
                  000044ec    00000030                            : PWM.oem4f (.text:PWM_open)
                  0000451c    00000030     pwmled_pem4f.oem4f (.text:ti_sysbios_BIOS_atExitFunc__I)
                  0000454c    00000004     --HOLE-- [fill = 0]
                  00004550    00000030     sysbios.aem4f : BIOS.obj (.text:ti_sysbios_family_arm_lm4_Timer_stop__E)
                  00004580    00000030                   : BIOS.obj (.text:ti_sysbios_family_arm_m3_TaskSupport_start__E)
                  000045b0    00000030     pwmled_pem4f.oem4f (.text:ti_sysbios_gates_GateHwi_Object__create__S)
                  000045e0    00000030     pwmled_pem4f.oem4f (.text:ti_sysbios_gates_GateMutex_Object__create__S)
                  00004610    00000030     sysbios.aem4f : BIOS.obj (.text:ti_sysbios_gates_GateMutex_enter__E)
                  00004640    00000030     pwmled_pem4f.oem4f (.text:ti_sysbios_heaps_HeapMem_Object__create__S)
                  00004670    00000030     pwmled_pem4f.oem4f (.text:ti_sysbios_knl_Semaphore_construct)
                  000046a0    00000030     sysbios.aem4f : BIOS.obj (.text:ti_sysbios_knl_Semaphore_pendTimeout__I)
                  000046d0    00000030                   : BIOS.obj (.text:ti_sysbios_knl_Task_unblockI__E)
                  00004700    00000030     ti.targets.arm.rtsarm.aem4f : SysMin.oem4f (.text:xdc_runtime_SysMin_abort__E)
                  00004730    00000030                                 : System.oem4f (.text:xdc_runtime_System_processAtExit__E)
                  00004760    0000002c     pwmled_pem4f.oem4f (.text:ti_sysbios_knl_Clock_doTick__I)
                  0000478c    0000002c     pwmled_pem4f.oem4f (.text:ti_sysbios_knl_Queue_construct)
                  000047b8    0000002c     sysbios.aem4f : BIOS.obj (.text:ti_sysbios_knl_Task_restore__E)
                  000047e4    0000002c     ti.targets.arm.rtsarm.aem4f : Text.oem4f (.text:xdc_runtime_Text_cordText__E)
                  00004810    0000002a     driverlib.lib : gpio.obj (.text:GPIODirModeSet)
                  0000483a    0000002a     ti.targets.arm.rtsarm.aem4f : System.oem4f (.text:xdc_runtime_System_putchar__I)
                  00004864    00000004     --HOLE-- [fill = 0]
                  00004868    00000028     sysbios.aem4f : BIOS.obj (.text:ti_sysbios_knl_Swi_Module_startup__E)
                  00004890    00000026                   : m3_Hwi_asm.obj (.text:ti_sysbios_family_arm_m3_Hwi_pendSV__I)
                  000048b6    00000026     ti.targets.arm.rtsarm.aem4f : System.oem4f (.text:xdc_runtime_System_avprintf__E)
                  000048dc    00000024     pwmled_pem4f.oem4f (.text:ti_sysbios_BIOS_errorRaiseHook__I)
                  00004900    00000024     pwmled_pem4f.oem4f (.text:ti_sysbios_BIOS_registerRTSLock__I)
                  00004924    00000024     pwmled_pem4f.oem4f (.text:ti_sysbios_BIOS_removeRTSLock__I)
                  00004948    00000024     pwmled_pem4f.oem4f (.text:ti_sysbios_BIOS_startFunc__I)
                  0000496c    00000024     pwmled_pem4f.oem4f (.text:ti_sysbios_gates_GateMutex_Object__delete__S)
                  00004990    00000024     sysbios.aem4f : BIOS.obj (.text:ti_sysbios_knl_Clock_Module_startup__E)
                  000049b4    00000004     --HOLE-- [fill = 0]
                  000049b8    00000024                   : BIOS.obj (.text:ti_sysbios_knl_Semaphore_Instance_init__E)
                  000049dc    00000004     --HOLE-- [fill = 0]
                  000049e0    00000024                   : BIOS.obj (.text:ti_sysbios_knl_Task_restoreHwi__E)
                  00004a04    00000024     ti.targets.arm.rtsarm.aem4f : System.oem4f (.text:xdc_runtime_System_vprintf__E)
                  00004a28    00000022     driverlib.lib : pwm.obj (.text:PWMGenConfigure)
                  00004a4a    00000022     drivers_tivaware.aem4f : PWMTiva.oem4f (.text:PWMTiva_getPeriodCounts)
                  00004a6c    00000004     --HOLE-- [fill = 0]
                  00004a70    00000022     sysbios.aem4f : BIOS.obj (.text:ti_sysbios_family_arm_lm4_Timer_write__I)
                  00004a92    00000022     pwmled_pem4f.oem4f (.text:xdc_runtime_SysMin_output__I)
                  00004ab4    00000020     pwmled_pem4f.oem4f (.text:ti_sysbios_BIOS_rtsLock__I)
                  00004ad4    00000020     sysbios.aem4f : m3_Hwi_asm.obj (.text:ti_sysbios_family_arm_m3_Hwi_excHandlerAsm__I)
                  00004af4    00000004     --HOLE-- [fill = 0]
                  00004af8    00000020                   : BIOS.obj (.text:ti_sysbios_family_arm_m3_Hwi_excHandler__I)
                  00004b18    00000020     pwmled_pem4f.oem4f (.text:ti_sysbios_gates_GateHwi_Object__delete__S)
                  00004b38    00000020     pwmled_pem4f.oem4f (.text:ti_sysbios_heaps_HeapMem_Object__delete__S)
                  00004b58    00000020     sysbios.aem4f : BIOS.obj (.text:ti_sysbios_knl_Idle_run__E)
                  00004b78    00000020     pwmled_pem4f.oem4f (.text:ti_sysbios_knl_Semaphore_Object__destruct__S)
                  00004b98    00000020     ti.targets.arm.rtsarm.aem4f : Registry.oem4f (.text:xdc_runtime_Registry_findById__E)
                  00004bb8    00000020                                 : SysMin.oem4f (.text:xdc_runtime_SysMin_Module_startup__E)
                  00004bd8    0000001e     driverlib.lib : pwm.obj (.text:PWMPulseWidthSet)
                  00004bf6    0000001e     drivers_tivaware.aem4f : PWMTiva.oem4f (.text:PWMTiva_getPeriodMicroSecs)
                  00004c14    0000001e     sysbios.aem4f : m3_Hwi_asm_switch.obj (.text:ti_sysbios_family_xxx_Hwi_switchAndRunFunc)
                  00004c32    0000001c     drivers_tivaware.aem4f : GPIOTiva.oem4f (.text:getGpioIntIndex)
                  00004c4e    00000002     --HOLE-- [fill = 0]
                  00004c50    0000001c     sysbios.aem4f : BIOS.obj (.text:ti_sysbios_gates_GateMutex_Instance_init__E)
                  00004c6c    0000001c     pwmled_pem4f.oem4f (.text:ti_sysbios_knl_Queue_Object__destruct__S)
                  00004c88    0000001c     sysbios.aem4f : BIOS.obj (.text:ti_sysbios_knl_Queue_put__E)
                  00004ca4    00000004     --HOLE-- [fill = 0]
                  00004ca8    0000001c                   : BIOS.obj (.text:ti_sysbios_knl_Task_enter__I)
                  00004cc4    0000001c     ti.targets.arm.rtsarm.aem4f : Error.oem4f (.text:xdc_runtime_Error_raiseX__E)
                  00004ce0    0000001c                                 : Memory.oem4f (.text:xdc_runtime_Memory_valloc__E)
                  00004cfc    0000001c                                 : SysMin.oem4f (.text:xdc_runtime_SysMin_exit__E)
                  00004d18    0000001c                                 : System.oem4f (.text:xdc_runtime_System_abort__E)
                  00004d34    0000001a     pwmled_pem4f.oem4f (.text:ti_sysbios_family_arm_m3_Hwi_Handle__label__S)
                  00004d4e    0000001a     pwmled_pem4f.oem4f (.text:ti_sysbios_gates_GateHwi_Handle__label__S)
                  00004d68    0000001a     pwmled_pem4f.oem4f (.text:ti_sysbios_gates_GateMutex_Handle__label__S)
                  00004d82    0000001a     pwmled_pem4f.oem4f (.text:ti_sysbios_heaps_HeapMem_Handle__label__S)
                  00004d9c    0000001a     pwmled_pem4f.oem4f (.text:ti_sysbios_knl_Swi_Handle__label__S)
                  00004db6    0000001a     pwmled_pem4f.oem4f (.text:ti_sysbios_knl_Task_Handle__label__S)
                  00004dd0    0000001a     pwmled_pem4f.oem4f (.text:xdc_runtime_System_aprintf__E)
                  00004dea    0000001a     pwmled_pem4f.oem4f (.text:xdc_runtime_System_printf__E)
                  00004e04    00000018     rtsv7M4_T_le_v4SPD16_eabi.lib : args_main.c.obj (.text:_args_main)
                  00004e1c    00000018     pwmled_pem4f.oem4f (.text:ti_sysbios_BIOS_rtsUnlock__I)
                  00004e34    00000018     pwmled_pem4f.oem4f (.text:ti_sysbios_family_arm_lm4_Timer_Module__startupDone__F)
                  00004e4c    00000018     pwmled_pem4f.oem4f (.text:ti_sysbios_family_arm_m3_Hwi_Module__startupDone__F)
                  00004e64    00000018     sysbios.aem4f : m3_TaskSupport_asm.obj (.text:ti_sysbios_family_arm_m3_TaskSupport_swap__E)
                  00004e7c    00000004     --HOLE-- [fill = 0]
                  00004e80    00000018                   : BIOS.obj (.text:ti_sysbios_gates_GateMutex_leave__E)
                  00004e98    00000018                   : BIOS.obj (.text:ti_sysbios_knl_Task_sleepTimeout__I)
                  00004eb0    00000018     ti.targets.arm.rtsarm.aem4f : Error.oem4f (.text:xdc_runtime_Error_check__E)
                  00004ec8    00000018                                 : System.oem4f (.text:xdc_runtime_System_exit__E)
                  00004ee0    00000018                                 : Text.oem4f (.text:xdc_runtime_Text_ropeText__E)
                  00004ef8    00000016     pwmled_pem4f.oem4f (.text:ti_sysbios_BIOS_exitFunc__I)
                  00004f0e    00000016     werewolf.obj (.text:ti_sysbios_knl_Task_Params_init)
                  00004f24    00000014     driverlib.lib : pwm.obj (.text:PWMClockSet)
                  00004f38    00000014                   : sysctl.obj (.text:SysCtlPWMClockSet)
                  00004f4c    00000014     rtsv7M4_T_le_v4SPD16_eabi.lib : strlen.c.obj (.text:strlen)
                  00004f60    00000014     pwmled_pem4f.oem4f (.text:ti_sysbios_family_arm_m3_Hwi_Object__get__S)
                  00004f74    00000004     --HOLE-- [fill = 0]
                  00004f78    00000014     sysbios.aem4f : BIOS.obj (.text:ti_sysbios_family_arm_m3_Hwi_switchFromBootStack__E)
                  00004f8c    00000014     pwmled_pem4f.oem4f (.text:ti_sysbios_heaps_HeapMem_Object__get__S)
                  00004fa0    00000014     pwmled_pem4f.oem4f (.text:ti_sysbios_knl_Swi_Object__get__S)
                  00004fb4    00000012     driverlib.lib : gpio.obj (.text:GPIOPinTypePWM)
                  00004fc6    00000012                   : pwm.obj (.text:PWMGenPeriodGet)
                  00004fd8    00000012                   : pwm.obj (.text:PWMOutputInvert)
                  00004fea    00000012                   : pwm.obj (.text:PWMOutputState)
                  00004ffc    00000004     --HOLE-- [fill = 0]
                  00005000    00000012     sysbios.aem4f : BIOS.obj (.text:ti_sysbios_hal_Hwi_Module_startup__E)
                  00005012    00000012     pwmled_pem4f.oem4f (.text:xdc_runtime_Startup_exec__I)
                  00005024    00000010     driverlib.lib : pwm.obj (.text:PWMGenPeriodSet)
                  00005034    00000010     drivers_tivaware.aem4f : PWM.oem4f (.text:PWM_Params_init)
                  00005044    00000004     --HOLE-- [fill = 0]
                  00005048    00000010     sysbios.aem4f : BIOS.obj (.text:ti_sysbios_BIOS_getCpuFreq__E)
                  00005058    00000010                   : BIOS.obj (.text:ti_sysbios_BIOS_setThreadType__E)
                  00005068    00000010                   : BIOS.obj (.text:ti_sysbios_BIOS_start__E)
                  00005078    00000010                   : m3_TaskSupport_asm.obj (.text:ti_sysbios_family_arm_m3_TaskSupport_glue)
                  00005088    00000010                   : BIOS.obj (.text:ti_sysbios_gates_GateMutex_Instance_finalize__E)
                  00005098    00000010                   : BIOS.obj (.text:ti_sysbios_knl_Semaphore_Instance_finalize__E)
                  000050a8    00000010                   : BIOS.obj (.text:ti_sysbios_knl_Swi_disable__E)
                  000050b8    00000010     pwmled_pem4f.oem4f (.text:ti_sysbios_knl_Task_Object__get__S)
                  000050c8    00000010     sysbios.aem4f : BIOS.obj (.text:ti_sysbios_knl_Task_disable__E)
                  000050d8    00000010     ti.targets.arm.rtsarm.aem4f : Gate.oem4f (.text:xdc_runtime_Gate_leaveSystem__E)
                  000050e8    00000010                                 : Memory.oem4f (.text:xdc_runtime_Memory_free__E)
                  000050f8    00000010                                 : SysMin.oem4f (.text:xdc_runtime_SysMin_ready__E)
                  00005108    00000010                                 : System.oem4f (.text:xdc_runtime_System_vsnprintf__E)
                  00005118    00000010     pwmled_pem4f.oem4f (.text:xdc_runtime_Text_visitRope__I)
                  00005128    0000000e     driverlib.lib : gpio.obj (.text:GPIOIntStatus)
                  00005136    0000000e     rtsv7M4_T_le_v4SPD16_eabi.lib : copy_decompress_none.c.obj (.text:decompress:none:__TI_decompress_none)
                  00005144    00000004     --HOLE-- [fill = 0]
                  00005148    0000000e     sysbios.aem4f : BIOS.obj (.text:ti_sysbios_knl_Idle_loop__E)
                  00005156    00000002     --HOLE-- [fill = 0]
                  00005158    0000000e                   : BIOS.obj (.text:ti_sysbios_knl_Queue_empty__E)
                  00005166    00000002     --HOLE-- [fill = 0]
                  00005168    0000000c     pwmled_pem4f.oem4f (.text:.bootCodeSection:ti_catalog_arm_cortexm4_tiva_ce_Boot_init__I)
                  00005174    0000000c     driverlib.lib : pwm.obj (.text:PWMGenDisable)
                  00005180    0000000c                   : pwm.obj (.text:PWMGenEnable)
                  0000518c    0000000c     rtsv7M4_T_le_v4SPD16_eabi.lib : _lock.c.obj (.text:_register_lock)
                  00005198    0000000c                                   : _lock.c.obj (.text:_register_unlock)
                  000051a4    0000000c                                   : copy_zero_init.c.obj (.text:decompress:ZI:__TI_zero_init)
                  000051b0    0000000c     sysbios.aem4f : BIOS.obj (.text:ti_sysbios_family_arm_lm4_Timer_getMaxTicks__E)
                  000051bc    0000000c     pwmled_pem4f.oem4f (.text:ti_sysbios_family_arm_m3_Hwi_Params__init__S)
                  000051c8    0000000c     sysbios.aem4f : BIOS.obj (.text:ti_sysbios_family_arm_m3_Hwi_disableFxn__E)
                  000051d4    00000004     --HOLE-- [fill = 0]
                  000051d8    0000000c                   : BIOS.obj (.text:ti_sysbios_family_arm_m3_TaskSupport_checkStack__E)
                  000051e4    00000004     --HOLE-- [fill = 0]
                  000051e8    0000000c                   : BIOS.obj (.text:ti_sysbios_family_arm_m3_TaskSupport_getStackAlignment__E)
                  000051f4    00000004     --HOLE-- [fill = 0]
                  000051f8    0000000c                   : BIOS.obj (.text:ti_sysbios_gates_GateHwi_enter__E)
                  00005204    0000000c     pwmled_pem4f.oem4f (.text:ti_sysbios_knl_Queue_Object__get__S)
                  00005210    0000000c     pwmled_pem4f.oem4f (.text:ti_sysbios_knl_Task_Params__init__S)
                  0000521c    0000000c     werewolf.obj (.text:ti_sysbios_knl_Task_handle)
                  00005228    0000000c     ti.targets.arm.rtsarm.aem4f : Error.oem4f (.text:xdc_runtime_Error_init__E)
                  00005234    0000000c                                 : Gate.oem4f (.text:xdc_runtime_Gate_enterSystem__E)
                  00005240    0000000c                                 : Memory.oem4f (.text:xdc_runtime_Memory_calloc__E)
                  0000524c    0000000c                                 : Memory.oem4f (.text:xdc_runtime_Memory_getMaxDefaultTypeAlign__E)
                  00005258    0000000a     pwmled_pem4f.oem4f (.text:xdc_runtime_IHeap_alloc)
                  00005262    0000000a     pwmled_pem4f.oem4f (.text:xdc_runtime_IHeap_free)
                  0000526c    00000008     EK_TM4C123GXL.obj (.text:EK_TM4C123GXL_initGPIO)
                  00005274    00000008     sysbios.aem4f : BIOS.obj (.text:ti_sysbios_family_arm_lm4_Timer_masterDisable__I)
                  0000527c    00000004     --HOLE-- [fill = 0]
                  00005280    00000008                   : BIOS.obj (.text:ti_sysbios_family_arm_m3_Hwi_doSwiRestore__I)
                  00005288    00000008                   : BIOS.obj (.text:ti_sysbios_family_arm_m3_Hwi_startup__E)
                  00005290    00000006     driverlib.lib : gpio.obj (.text:GPIOIntClear)
                  00005296    00000006                   : gpio.obj (.text:GPIOPinRead)
                  0000529c    00000006                   : gpio.obj (.text:GPIOPinWrite)
                  000052a2    00000006     Boot.aem4f : Boot_sysctl.oem4f (.text:ti_catalog_arm_cortexm4_tiva_ce_Boot_sysCtlDelayI__I)
                  000052a8    00000006     sysbios.aem4f : BIOS.obj (.text:ti_sysbios_family_arm_m3_Hwi_doTaskRestore__I)
                  000052ae    00000002     --HOLE-- [fill = 0]
                  000052b0    00000006                   : BIOS.obj (.text:ti_sysbios_family_arm_m3_Hwi_restoreFxn__E)
                  000052b6    00000002     --HOLE-- [fill = 0]
                  000052b8    00000006                   : BIOS.obj (.text:ti_sysbios_gates_GateHwi_leave__E)
                  000052be    00000002     --HOLE-- [fill = 0]
                  000052c0    00000006                   : BIOS.obj (.text:ti_sysbios_heaps_HeapMem_isBlocking__E)
                  000052c6    00000002     --HOLE-- [fill = 0]
                  000052c8    00000006                   : BIOS.obj (.text:ti_sysbios_knl_Queue_Instance_init__E)
                  000052ce    00000002     --HOLE-- [fill = 0]
                  000052d0    00000006                   : BIOS.obj (.text:ti_sysbios_knl_Swi_startup__E)
                  000052d6    00000006     ti.targets.arm.rtsarm.aem4f : System.oem4f (.text:xdc_runtime_System_Module_startup__E)
                  000052dc    00000004     --HOLE-- [fill = 0]
                  000052e0    00000004     sysbios.aem4f : BIOS.obj (.text:ti_sysbios_gates_GateHwi_query__E)
                  000052e4    00000004     --HOLE-- [fill = 0]
                  000052e8    00000004                   : BIOS.obj (.text:ti_sysbios_gates_GateMutex_query__E)
                  000052ec    00000004     --HOLE-- [fill = 0]
                  000052f0    00000004                   : BIOS.obj (.text:ti_sysbios_knl_Task_startup__E)
                  000052f4    00000004     --HOLE-- [fill = 0]
                  000052f8    00000002                   : BIOS.obj (.text:ti_sysbios_gates_GateHwi_Instance_init__E)
                  000052fa    00000006     --HOLE-- [fill = 0]
                  00005300    00000002                   : BIOS.obj (.text:ti_sysbios_knl_Clock_logTick__E)

.const     0    00005304    00001f2e     
                  00005304    00001861     pwmled_pem4f.oem4f (.const:xdc_runtime_Text_charTab__A)
                  00006b65    00000001     pwmled_pem4f.oem4f (.const:xdc_runtime_Error_policy__C)
                  00006b66    000000bc     pwmled_pem4f.oem4f (.const:xdc_runtime_Text_nodeTab__A)
                  00006c22    00000002     pwmled_pem4f.oem4f (.const:ti_catalog_arm_cortexm4_tiva_ce_Boot_Module__id__C)
                  00006c24    00000090     driverlib.lib : gpio.obj (.const:g_pui32GPIOBaseAddrs)
                  00006cb4    00000054     drivers_tivaware.aem4f : GPIOTiva.oem4f (.const:.string)
                  00006d08    00000048     pwmled_pem4f.oem4f (.const:.string)
                  00006d50    00000048     drivers_tivaware.aem4f : GPIOTiva.oem4f (.const:gpioBaseAddresses)
                  00006d98    0000003c     pwmled_pem4f.oem4f (.const:ti_sysbios_knl_Task_Object__PARAMS__C)
                  00006dd4    00000030     EK_TM4C123GXL.obj (.const:PWM_config)
                  00006e04    00000030     pwmled_pem4f.oem4f (.const:ti_sysbios_family_arm_m3_Hwi_Object__PARAMS__C)
                  00006e34    00000028     pwmled_pem4f.oem4f (.const:ti_sysbios_heaps_HeapMem_Module__FXNS__C)
                  00006e5c    00000024     EK_TM4C123GXL.obj (.const:pwmTivaHWAttrs)
                  00006e80    00000024     pwmled_pem4f.oem4f (.const:ti_sysbios_gates_GateHwi_Module__FXNS__C)
                  00006ea4    00000024     pwmled_pem4f.oem4f (.const:ti_sysbios_gates_GateMutex_Module__FXNS__C)
                  00006ec8    00000024     pwmled_pem4f.oem4f (.const:ti_sysbios_heaps_HeapMem_Object__PARAMS__C)
                  00006eec    00000024     pwmled_pem4f.oem4f (.const:ti_sysbios_knl_Semaphore_Object__PARAMS__C)
                  00006f10    00000020     drivers_tivaware.aem4f : PWMTiva.oem4f (.const)
                  00006f30    00000020     pwmled_pem4f.oem4f (.const:ti_sysbios_family_arm_m3_Hwi_Object__DESC__C)
                  00006f50    00000020     pwmled_pem4f.oem4f (.const:ti_sysbios_gates_GateHwi_Object__DESC__C)
                  00006f70    00000020     pwmled_pem4f.oem4f (.const:ti_sysbios_gates_GateMutex_Object__DESC__C)
                  00006f90    00000020     pwmled_pem4f.oem4f (.const:ti_sysbios_heaps_HeapMem_Object__DESC__C)
                  00006fb0    00000020     pwmled_pem4f.oem4f (.const:ti_sysbios_knl_Queue_Object__DESC__C)
                  00006fd0    00000020     pwmled_pem4f.oem4f (.const:ti_sysbios_knl_Semaphore_Object__DESC__C)
                  00006ff0    00000020     pwmled_pem4f.oem4f (.const:ti_sysbios_knl_Task_Object__DESC__C)
                  00007010    00000020     pwmled_pem4f.oem4f (.const:xdc_runtime_Startup_sfxnTab__A)
                  00007030    00000018     pwmled_pem4f.oem4f (.const:ti_sysbios_gates_GateHwi_Object__PARAMS__C)
                  00007048    00000018     pwmled_pem4f.oem4f (.const:ti_sysbios_gates_GateMutex_Object__PARAMS__C)
                  00007060    00000018     pwmled_pem4f.oem4f (.const:ti_sysbios_knl_Queue_Object__PARAMS__C)
                  00007078    00000014     EK_TM4C123GXL.obj (.const:GPIOTiva_config)
                  0000708c    00000014     pwmled_pem4f.oem4f (.const:xdc_runtime_Startup_firstFxns__A)
                  000070a0    00000010     pwmled_pem4f.oem4f (.const:xdc_runtime_Startup_sfxnRts__A)
                  000070b0    0000000c     drivers_tivaware.aem4f : PWM.oem4f (.const)
                  000070bc    00000008     pwmled_pem4f.oem4f (.const:ti_sysbios_family_arm_m3_Hwi_excHookFuncs__A)
                  000070c4    00000008     pwmled_pem4f.oem4f (.const:ti_sysbios_knl_Idle_funcList__C)
                  000070cc    00000008     pwmled_pem4f.oem4f (.const:xdc_runtime_Startup_firstFxns__C)
                  000070d4    00000008     pwmled_pem4f.oem4f (.const:xdc_runtime_Startup_lastFxns__C)
                  000070dc    00000004     pwmled_pem4f.oem4f (.const:ti_catalog_arm_cortexm4_tiva_ce_Boot_A_mustUseEnhancedClockMode__C)
                  000070e0    00000004     pwmled_pem4f.oem4f (.const:ti_catalog_arm_cortexm4_tiva_ce_Boot_Module__diagsEnabled__C)
                  000070e4    00000004     pwmled_pem4f.oem4f (.const:ti_catalog_arm_cortexm4_tiva_ce_Boot_Module__diagsIncluded__C)
                  000070e8    00000004     pwmled_pem4f.oem4f (.const:ti_catalog_arm_cortexm4_tiva_ce_Boot_Module__diagsMask__C)
                  000070ec    00000004     pwmled_pem4f.oem4f (.const:ti_sysbios_family_arm_lm4_Timer_enableFunc__C)
                  000070f0    00000004     pwmled_pem4f.oem4f (.const:ti_sysbios_family_arm_lm4_Timer_numTimerDevices__C)
                  000070f4    00000004     pwmled_pem4f.oem4f (.const:ti_sysbios_family_arm_lm4_Timer_startupNeeded__C)
                  000070f8    00000004     pwmled_pem4f.oem4f (.const:ti_sysbios_family_arm_m3_Hwi_E_NMI__C)
                  000070fc    00000004     pwmled_pem4f.oem4f (.const:ti_sysbios_family_arm_m3_Hwi_E_alreadyDefined__C)
                  00007100    00000004     pwmled_pem4f.oem4f (.const:ti_sysbios_family_arm_m3_Hwi_E_busFault__C)
                  00007104    00000004     pwmled_pem4f.oem4f (.const:ti_sysbios_family_arm_m3_Hwi_E_debugMon__C)
                  00007108    00000004     pwmled_pem4f.oem4f (.const:ti_sysbios_family_arm_m3_Hwi_E_hardFault__C)
                  0000710c    00000004     pwmled_pem4f.oem4f (.const:ti_sysbios_family_arm_m3_Hwi_E_memFault__C)
                  00007110    00000004     pwmled_pem4f.oem4f (.const:ti_sysbios_family_arm_m3_Hwi_E_noIsr__C)
                  00007114    00000004     pwmled_pem4f.oem4f (.const:ti_sysbios_family_arm_m3_Hwi_E_reserved__C)
                  00007118    00000004     pwmled_pem4f.oem4f (.const:ti_sysbios_family_arm_m3_Hwi_E_svCall__C)
                  0000711c    00000004     pwmled_pem4f.oem4f (.const:ti_sysbios_family_arm_m3_Hwi_E_usageFault__C)
                  00007120    00000004     pwmled_pem4f.oem4f (.const:ti_sysbios_family_arm_m3_Hwi_NUM_INTERRUPTS__C)
                  00007124    00000004     pwmled_pem4f.oem4f (.const:ti_sysbios_family_arm_m3_Hwi_Object__count__C)
                  00007128    00000004     pwmled_pem4f.oem4f (.const:ti_sysbios_family_arm_m3_Hwi_ccr__C)
                  0000712c    00000004     pwmled_pem4f.oem4f (.const:ti_sysbios_family_arm_m3_Hwi_excHandlerFunc__C)
                  00007130    00000004     pwmled_pem4f.oem4f (.const:ti_sysbios_family_arm_m3_Hwi_excHookFuncs__C)
                  00007134    00000004     pwmled_pem4f.oem4f (.const:ti_sysbios_family_arm_m3_Hwi_nullIsrFunc__C)
                  00007138    00000004     pwmled_pem4f.oem4f (.const:ti_sysbios_family_arm_m3_Hwi_priGroup__C)
                  0000713c    00000004     pwmled_pem4f.oem4f (.const:ti_sysbios_family_arm_m3_TaskSupport_stackAlignment__C)
                  00007140    00000004     pwmled_pem4f.oem4f (.const:ti_sysbios_gates_GateMutex_Instance_State_sem__O)
                  00007144    00000004     pwmled_pem4f.oem4f (.const:ti_sysbios_hal_Hwi_E_stackOverflow__C)
                  00007148    00000004     pwmled_pem4f.oem4f (.const:ti_sysbios_heaps_HeapMem_E_memory__C)
                  0000714c    00000004     pwmled_pem4f.oem4f (.const:ti_sysbios_heaps_HeapMem_Module__gateObj__C)
                  00007150    00000004     pwmled_pem4f.oem4f (.const:ti_sysbios_heaps_HeapMem_Object__count__C)
                  00007154    00000004     pwmled_pem4f.oem4f (.const:ti_sysbios_heaps_HeapMem_reqAlign__C)
                  00007158    00000004     pwmled_pem4f.oem4f (.const:ti_sysbios_knl_Clock_Module_State_clockQ__O)
                  0000715c    00000004     pwmled_pem4f.oem4f (.const:ti_sysbios_knl_Clock_tickPeriod__C)
                  00007160    00000004     pwmled_pem4f.oem4f (.const:ti_sysbios_knl_Idle_funcList__A)
                  00007164    00000004     pwmled_pem4f.oem4f (.const:ti_sysbios_knl_Semaphore_Instance_State_pendQ__O)
                  00007168    00000004     pwmled_pem4f.oem4f (.const:ti_sysbios_knl_Swi_Object__count__C)
                  0000716c    00000004     pwmled_pem4f.oem4f (.const:ti_sysbios_knl_Task_E_spOutOfBounds__C)
                  00007170    00000004     pwmled_pem4f.oem4f (.const:ti_sysbios_knl_Task_E_stackOverflow__C)
                  00007174    00000004     pwmled_pem4f.oem4f (.const:ti_sysbios_knl_Task_Module_State_inactiveQ__O)
                  00007178    00000004     pwmled_pem4f.oem4f (.const:ti_sysbios_knl_Task_Object__count__C)
                  0000717c    00000004     pwmled_pem4f.oem4f (.const:ti_sysbios_knl_Task_allBlockedFunc__C)
                  00007180    00000004     pwmled_pem4f.oem4f (.const:ti_sysbios_knl_Task_defaultStackHeap__C)
                  00007184    00000004     pwmled_pem4f.oem4f (.const:ti_sysbios_knl_Task_defaultStackSize__C)
                  00007188    00000004     pwmled_pem4f.oem4f (.const:ti_sysbios_knl_Task_numConstructedTasks__C)
                  0000718c    00000004     pwmled_pem4f.oem4f (.const:xdc_runtime_Assert_E_assertFailed__C)
                  00007190    00000004     pwmled_pem4f.oem4f (.const:xdc_runtime_Core_A_initializedParams__C)
                  00007194    00000004     pwmled_pem4f.oem4f (.const:xdc_runtime_Core_Module__diagsEnabled__C)
                  00007198    00000004     pwmled_pem4f.oem4f (.const:xdc_runtime_Core_Module__diagsIncluded__C)
                  0000719c    00000004     pwmled_pem4f.oem4f (.const:xdc_runtime_Core_Module__diagsMask__C)
                  000071a0    00000004     pwmled_pem4f.oem4f (.const:xdc_runtime_Error_E_memory__C)
                  000071a4    00000004     pwmled_pem4f.oem4f (.const:xdc_runtime_Error_Module__diagsEnabled__C)
                  000071a8    00000004     pwmled_pem4f.oem4f (.const:xdc_runtime_Error_Module__diagsIncluded__C)
                  000071ac    00000004     pwmled_pem4f.oem4f (.const:xdc_runtime_Error_Module__diagsMask__C)
                  000071b0    00000004     pwmled_pem4f.oem4f (.const:xdc_runtime_Error_Module__loggerFxn8__C)
                  000071b4    00000004     pwmled_pem4f.oem4f (.const:xdc_runtime_Error_Module__loggerObj__C)
                  000071b8    00000004     pwmled_pem4f.oem4f (.const:xdc_runtime_Error_policyFxn__C)
                  000071bc    00000004     pwmled_pem4f.oem4f (.const:xdc_runtime_Error_raiseHook__C)
                  000071c0    00000004     pwmled_pem4f.oem4f (.const:xdc_runtime_IGateProvider_Interface__BASE__C)
                  000071c4    00000004     pwmled_pem4f.oem4f (.const:xdc_runtime_IHeap_Interface__BASE__C)
                  000071c8    00000004     pwmled_pem4f.oem4f (.const:xdc_runtime_IModule_Interface__BASE__C)
                  000071cc    00000004     pwmled_pem4f.oem4f (.const:xdc_runtime_Log_L_error__C)
                  000071d0    00000004     pwmled_pem4f.oem4f (.const:xdc_runtime_Memory_defaultHeapInstance__C)
                  000071d4    00000004     pwmled_pem4f.oem4f (.const:xdc_runtime_Startup_execImpl__C)
                  000071d8    00000004     pwmled_pem4f.oem4f (.const:xdc_runtime_Startup_maxPasses__C)
                  000071dc    00000004     pwmled_pem4f.oem4f (.const:xdc_runtime_Startup_sfxnRts__C)
                  000071e0    00000004     pwmled_pem4f.oem4f (.const:xdc_runtime_Startup_sfxnTab__C)
                  000071e4    00000004     pwmled_pem4f.oem4f (.const:xdc_runtime_SysMin_bufSize__C)
                  000071e8    00000004     pwmled_pem4f.oem4f (.const:xdc_runtime_SysMin_outputFunc__C)
                  000071ec    00000004     pwmled_pem4f.oem4f (.const:xdc_runtime_System_Module__gateObj__C)
                  000071f0    00000004     pwmled_pem4f.oem4f (.const:xdc_runtime_System_abortFxn__C)
                  000071f4    00000004     pwmled_pem4f.oem4f (.const:xdc_runtime_System_exitFxn__C)
                  000071f8    00000004     pwmled_pem4f.oem4f (.const:xdc_runtime_System_extendFxn__C)
                  000071fc    00000004     pwmled_pem4f.oem4f (.const:xdc_runtime_System_maxAtexitHandlers__C)
                  00007200    00000004     pwmled_pem4f.oem4f (.const:xdc_runtime_Text_charTab__C)
                  00007204    00000004     pwmled_pem4f.oem4f (.const:xdc_runtime_Text_nameEmpty__C)
                  00007208    00000004     pwmled_pem4f.oem4f (.const:xdc_runtime_Text_nameStatic__C)
                  0000720c    00000004     pwmled_pem4f.oem4f (.const:xdc_runtime_Text_nameUnknown__C)
                  00007210    00000004     pwmled_pem4f.oem4f (.const:xdc_runtime_Text_nodeTab__C)
                  00007214    00000004     pwmled_pem4f.oem4f (.const:xdc_runtime_Text_visitRopeFxn__C)
                  00007218    00000002     pwmled_pem4f.oem4f (.const:ti_sysbios_family_arm_m3_Hwi_Module__id__C)
                  0000721a    00000002     pwmled_pem4f.oem4f (.const:ti_sysbios_hal_Hwi_Module__id__C)
                  0000721c    00000002     pwmled_pem4f.oem4f (.const:ti_sysbios_heaps_HeapMem_Module__id__C)
                  0000721e    00000002     pwmled_pem4f.oem4f (.const:ti_sysbios_knl_Task_Module__id__C)
                  00007220    00000002     pwmled_pem4f.oem4f (.const:xdc_runtime_Core_Module__id__C)
                  00007222    00000002     pwmled_pem4f.oem4f (.const:xdc_runtime_Error_Module__loggerDefined__C)
                  00007224    00000002     pwmled_pem4f.oem4f (.const:xdc_runtime_Error_maxDepth__C)
                  00007226    00000002     pwmled_pem4f.oem4f (.const:xdc_runtime_Memory_Module__id__C)
                  00007228    00000002     pwmled_pem4f.oem4f (.const:xdc_runtime_SysMin_flushAtExit__C)
                  0000722a    00000002     pwmled_pem4f.oem4f (.const:xdc_runtime_Text_charCnt__C)
                  0000722c    00000002     pwmled_pem4f.oem4f (.const:xdc_runtime_Text_isLoaded__C)
                  0000722e    00000002     pwmled_pem4f.oem4f (.const:xdc_runtime_Text_registryModsLastId__C)
                  00007230    00000002     pwmled_pem4f.oem4f (.const:xdc_runtime_Text_unnamedModsLastId__C)

.cinit     0    00007238    00000208     
                  00007238    000001d4     (.cinit..data.load) [load image, compression = lzss]
                  0000740c    0000000c     (__TI_handler_table)
                  00007418    00000008     (.cinit..bss.load) [load image, compression = zero_init]
                  00007420    00000008     (.cinit..vecs.load) [load image, compression = zero_init]
                  00007428    00000018     (__TI_cinit_table)

.init_array 
*          0    00000000    00000000     UNINITIALIZED

.resetVecs 
*          0    00000000    0000003c     
                  00000000    0000003c     pwmled_pem4f.oem4f (.resetVecs)

.bss       0    20000360    000012b0     UNINITIALIZED
                  20000360    00000400     (.common:ti_sysbios_heaps_HeapMem_Instance_State_0_buf__A)
                  20000760    00000360     (.common:ti_sysbios_family_arm_m3_Hwi_dispatchTable)
                  20000ac0    00000200     pwmled_pem4f.oem4f (.bss:taskStackSection)
                  20000cc0    00000200     (.common:distSensorTask_Stack)
                  20000ec0    00000200     (.common:headSideToSide_Stack)
                  200010c0    00000200     (.common:headUpAndDown_Stack)
                  200012c0    00000120     rtsv7M4_T_le_v4SPD16_eabi.lib : trgmsg.c.obj (.bss:_CIOBUF_)
                  200013e0    00000090     drivers_tivaware.aem4f : GPIOTiva.oem4f (.bss:gpioCallbackInfo)
                  20001470    00000080     (.common:xdc_runtime_SysMin_Module_State_0_outbuf__A)
                  200014f0    00000050     (.common:distSensorTask_Struct)
                  20001540    00000050     (.common:headSideToSide_Struct)
                  20001590    00000050     (.common:headUpAndDown_Struct)
                  200015e0    00000018     (.common:pwmTivaObjects)
                  200015f8    00000008     (.common:parmbuf)
                  20001600    00000004     (.common:distSensorTask)
                  20001604    00000004     (.common:gpioInterruptVectors)
                  20001608    00000004     (.common:headSideToSideTask)
                  2000160c    00000004     (.common:headUpAndDownTask)

.data      0    20001610    0000042e     UNINITIALIZED
                  20001610    00000080     pwmled_pem4f.oem4f (.data:ti_sysbios_knl_Swi_Module_State_0_readyQ__A)
                  20001690    00000080     pwmled_pem4f.oem4f (.data:ti_sysbios_knl_Task_Module_State_0_readyQ__A)
                  20001710    0000004c     pwmled_pem4f.oem4f (.data:ti_sysbios_knl_Task_Object__table__V)
                  2000175c    00000044     pwmled_pem4f.oem4f (.data:ti_sysbios_knl_Task_Module__state__V)
                  200017a0    00000040     pwmled_pem4f.oem4f (.data:ti_sysbios_family_arm_lm4_Timer_Object__table__V)
                  200017e0    00000038     pwmled_pem4f.oem4f (.data:ti_sysbios_gates_GateMutex_Object__table__V)
                  20001818    00000034     pwmled_pem4f.oem4f (.data:ti_sysbios_family_arm_m3_Hwi_Module__state__V)
                  2000184c    00000030     pwmled_pem4f.oem4f (.data:ti_sysbios_family_arm_lm4_Timer_Module_State_0_device__A)
                  2000187c    00000030     pwmled_pem4f.oem4f (.data:ti_sysbios_knl_Swi_Object__table__V)
                  200018ac    0000002c     pwmled_pem4f.oem4f (.data:ti_sysbios_knl_Clock_Module__state__V)
                  200018d8    00000024     pwmled_pem4f.oem4f (.data:ti_sysbios_BIOS_Module__state__V)
                  200018fc    0000001c     pwmled_pem4f.oem4f (.data:ti_sysbios_knl_Swi_Module__state__V)
                  20001918    00000018     drivers_tivaware.aem4f : PWMTiva.oem4f (.data)
                  20001930    00000018     EK_TM4C123GXL.obj (.data:gpioPinConfigs)
                  20001948    00000018     pwmled_pem4f.oem4f (.data:ti_sysbios_family_arm_lm4_Timer_Module_State_0_handles__A)
                  20001960    00000018     pwmled_pem4f.oem4f (.data:ti_sysbios_family_arm_m3_Hwi_Object__table__V)
                  20001978    00000018     pwmled_pem4f.oem4f (.data:ti_sysbios_heaps_HeapMem_Object__table__V)
                  20001990    00000010     werewolf.obj (.data)
                  200019a0    0000000c     pwmled_pem4f.oem4f (.data:ti_sysbios_family_arm_lm4_Timer_Module__state__V)
                  200019ac    0000000c     pwmled_pem4f.oem4f (.data:xdc_runtime_SysMin_Module__state__V)
                  200019b8    00000008     rtsv7M4_T_le_v4SPD16_eabi.lib : _lock.c.obj (.data:$O1$$)
                  200019c0    00000008     pwmled_pem4f.oem4f (.data:ti_sysbios_family_arm_m3_Hwi_Module__root__V)
                  200019c8    00000008     pwmled_pem4f.oem4f (.data:ti_sysbios_gates_GateHwi_Module__root__V)
                  200019d0    00000008     pwmled_pem4f.oem4f (.data:ti_sysbios_gates_GateMutex_Module__root__V)
                  200019d8    00000008     pwmled_pem4f.oem4f (.data:ti_sysbios_heaps_HeapMem_Module__root__V)
                  200019e0    00000008     pwmled_pem4f.oem4f (.data:ti_sysbios_knl_Queue_Module__root__V)
                  200019e8    00000008     pwmled_pem4f.oem4f (.data:ti_sysbios_knl_Semaphore_Module__root__V)
                  200019f0    00000008     pwmled_pem4f.oem4f (.data:ti_sysbios_knl_Task_Module__root__V)
                  200019f8    00000008     pwmled_pem4f.oem4f (.data:xdc_runtime_Registry_Module__state__V)
                  20001a00    00000008     pwmled_pem4f.oem4f (.data:xdc_runtime_Startup_Module__state__V)
                  20001a08    00000008     pwmled_pem4f.oem4f (.data:xdc_runtime_System_Module_State_0_atexitHandlers__A)
                  20001a10    00000008     pwmled_pem4f.oem4f (.data:xdc_runtime_System_Module__state__V)
                  20001a18    00000005     drivers_tivaware.aem4f : GPIOTiva.oem4f (.data)
                  20001a1d    00000001     --HOLE--
                  20001a1e    00000002     pwmled_pem4f.oem4f (.data:ti_sysbios_family_arm_m3_Hwi_Module_State_0_excActive__A)
                  20001a20    00000004     drivers_tivaware.aem4f : PWM.oem4f (.data)
                  20001a24    00000004     rtsv7M4_T_le_v4SPD16_eabi.lib : stkdepth_vars.c.obj (.data)
                  20001a28    00000004     pwmled_pem4f.oem4f (.data:ti_sysbios_family_arm_m3_Hwi_Module_State_0_excContext__A)
                  20001a2c    00000004     pwmled_pem4f.oem4f (.data:ti_sysbios_family_arm_m3_Hwi_Module_State_0_excStack__A)
                  20001a30    00000004     pwmled_pem4f.oem4f (.data:ti_sysbios_gates_GateHwi_Object__table__V)
                  20001a34    00000004     pwmled_pem4f.oem4f (.data:ti_sysbios_knl_Task_Module_State_0_idleTask__A)
                  20001a38    00000004     pwmled_pem4f.oem4f (.data:xdc_runtime_Memory_Module__state__V)
                  20001a3c    00000002     pwmled_pem4f.oem4f (.data:xdc_runtime_Error_Module__state__V)

.stack     0    20001a40    00000300     UNINITIALIZED
                  20001a40    00000300     --HOLE--

.bootVecs 
*          0    00000000    00000008     DSECT
                  00000000    00000008     boot.aem4f : boot.oem4f (.bootVecs)

.vecs      0    20000000    00000360     UNINITIALIZED
                  20000000    00000360     pwmled_pem4f.oem4f (.vecs)

xdc.meta   0    00000000    000000f0     COPY SECTION
                  00000000    000000f0     pwmled_pem4f.oem4f (xdc.meta)

__llvm_prf_cnts 
*          0    20000000    00000000     UNINITIALIZED

MODULE SUMMARY

       Module                       code    ro data   rw data
       ------                       ----    -------   -------
    ./
       werewolf.obj                 1286    0         1804   
       EK_TM4C123GXL.obj            160     104       48     
    +--+----------------------------+-------+---------+---------+
       Total:                       1446    104       1852   
                                                             
    /Users/jmascavage/cc_workspace_v11/werewolf_TM4C123GXL/Debug/configPkg/package/cfg/
       pwmled_pem4f.oem4f           1654    7594      4376   
    +--+----------------------------+-------+---------+---------+
       Total:                       1654    7594      4376   
                                                             
    /Applications/ti/ccs1100/ccs/tools/compiler/ti-cgt-arm_20.2.5.LTS/lib/rtsv7M4_T_le_v4SPD16_eabi.lib
       trgmsg.c.obj                 108     0         288    
       memcpy_t2.asm.obj            156     0         0      
       memset_t2.asm.obj            122     0         0      
       copy_decompress_lzss.c.obj   104     0         0      
       hostwrite.c.obj              88      0         0      
       cpy_tbl.c.obj                76      0         0      
       u_divt2.asm.obj              64      0         0      
       _lock.c.obj                  26      0         8      
       args_main.c.obj              24      0         0      
       strlen.c.obj                 20      0         0      
       copy_decompress_none.c.obj   14      0         0      
       copy_zero_init.c.obj         12      0         0      
       hostopen.c.obj               0       0         8      
       exit.c.obj                   4       0         0      
       stkdepth_vars.c.obj          0       0         4      
       div0.asm.obj                 2       0         0      
    +--+----------------------------+-------+---------+---------+
       Total:                       820     0         308    
                                                             
    /Users/jmascavage/cc_workspace_v11/werewolf_TM4C123GXL/src/sysbios/sysbios.aem4f
       BIOS.obj                     9070    0         0      
       m3_Hwi_asm.obj               314     0         0      
       m3_TaskSupport_asm.obj       180     0         0      
       m3_Hwi_asm_switch.obj        118     0         0      
    +--+----------------------------+-------+---------+---------+
       Total:                       9682    0         0      
                                                             
    /Users/jmascavage/ti/tirtos_tivac_2_16_00_08/products/TivaWare_C_Series-2.1.1.71b/driverlib/ccs/Debug/driverlib.lib
       gpio.obj                     554     144       0      
       pwm.obj                      178     0         0      
       sysctl.obj                   72      0         0      
    +--+----------------------------+-------+---------+---------+
       Total:                       804     144       0      
                                                             
    /Users/jmascavage/ti/tirtos_tivac_2_16_00_08/products/bios_6_45_01_29/packages/ti/catalog/arm/cortexm4/tiva/ce/lib/Boot.aem4f
       Boot_sysctl.oem4f            262     0         0      
       Boot.oem4f                   152     0         0      
    +--+----------------------------+-------+---------+---------+
       Total:                       414     0         0      
                                                             
    /Users/jmascavage/ti/tirtos_tivac_2_16_00_08/products/bios_6_45_01_29/packages/ti/targets/arm/rtsarm/lib/auto_init.aem4f
       auto_init.oem4f              160     0         0      
    +--+----------------------------+-------+---------+---------+
       Total:                       160     0         0      
                                                             
    /Users/jmascavage/ti/tirtos_tivac_2_16_00_08/products/bios_6_45_01_29/packages/ti/targets/arm/rtsarm/lib/boot.aem4f
       boot.oem4f                   88      0         0      
    +--+----------------------------+-------+---------+---------+
       Total:                       88      0         0      
                                                             
    /Users/jmascavage/ti/tirtos_tivac_2_16_00_08/products/bios_6_45_01_29/packages/ti/targets/arm/rtsarm/lib/ti.targets.arm.rtsarm.aem4f
       System.oem4f                 1255    0         0      
       Text.oem4f                   672     0         0      
       Error.oem4f                  524     0         0      
       Core-mem.oem4f               358     0         0      
       Startup.oem4f                328     0         0      
       SysMin.oem4f                 248     0         0      
       Core-smem.oem4f              204     0         0      
       Memory.oem4f                 176     0         0      
       Assert.oem4f                 84      0         0      
       Core-params.oem4f            70      0         0      
       Core-label.oem4f             52      0         0      
       Registry.oem4f               32      0         0      
       Gate.oem4f                   28      0         0      
    +--+----------------------------+-------+---------+---------+
       Total:                       4031    0         0      
                                                             
    /Users/jmascavage/ti/tirtos_tivac_2_16_00_08/products/tidrivers_tivac_2_16_00_08/packages/ti/drivers/lib/drivers_tivaware.aem4f
       GPIOTiva.oem4f               812     156       153    
       PWMTiva.oem4f                962     32        24     
       PWM.oem4f                    120     12        4      
    +--+----------------------------+-------+---------+---------+
       Total:                       1894    200       181    
                                                             
       Stack:                       0       0         768    
       Linker Generated:            0       520       0      
    +--+----------------------------+-------+---------+---------+
       Grand Total:                 20993   8562      7485   


LINKER GENERATED COPY TABLES

__TI_cinit_table @ 00007428 records: 3, size/record: 8, table size: 24
	.data: load addr=00007238, load size=000001d4 bytes, run addr=20001610, run size=0000042e bytes, compression=lzss
	.bss: load addr=00007418, load size=00000008 bytes, run addr=20000360, run size=000012b0 bytes, compression=zero_init
	.vecs: load addr=00007420, load size=00000008 bytes, run addr=20000000, run size=00000360 bytes, compression=zero_init


LINKER GENERATED HANDLER TABLE

__TI_handler_table @ 0000740c records: 3, size/record: 4, table size: 12
	index: 0, handler: __TI_decompress_lzss
	index: 1, handler: __TI_decompress_none
	index: 2, handler: __TI_zero_init


GLOBAL SYMBOLS: SORTED ALPHABETICALLY BY Name 

address   name                                                              
-------   ----                                                              
000007bd  C$$EXIT                                                           
000041f3  C$$IO$$                                                           
0000526d  EK_TM4C123GXL_initGPIO                                            
00003fd1  EK_TM4C123GXL_initGeneral                                         
000036f9  EK_TM4C123GXL_initPWM                                             
00004811  GPIODirModeSet                                                    
00005291  GPIOIntClear                                                      
00005129  GPIOIntStatus                                                     
00003859  GPIOIntTypeSet                                                    
000014d1  GPIOPadConfigSet                                                  
00003c7d  GPIOPinConfigure                                                  
00005297  GPIOPinRead                                                       
00004fb5  GPIOPinTypePWM                                                    
0000529d  GPIOPinWrite                                                      
00007078  GPIOTiva_config                                                   
000032c1  GPIO_hwiIntFxn                                                    
00002b65  GPIO_init                                                         
0000448d  GPIO_read                                                         
000039ad  GPIO_setCallback                                                  
000010ed  GPIO_setConfig                                                    
000039fd  GPIO_write                                                        
00003751  HOSTwrite                                                         
00004f25  PWMClockSet                                                       
00004a29  PWMGenConfigure                                                   
00005175  PWMGenDisable                                                     
00005181  PWMGenEnable                                                      
00004fc7  PWMGenPeriodGet                                                   
00005025  PWMGenPeriodSet                                                   
00004fd9  PWMOutputInvert                                                   
00004feb  PWMOutputState                                                    
00004bd9  PWMPulseWidthSet                                                  
00006f2e  PWMTiva_MAX_MATCH_VALUE                                           
00006f2c  PWMTiva_MAX_PRESCALAR                                             
0000311d  PWMTiva_close                                                     
00002c7d  PWMTiva_control                                                   
00006f10  PWMTiva_fxnTable                                                  
00004a4b  PWMTiva_getPeriodCounts                                           
00004bf7  PWMTiva_getPeriodMicroSecs                                        
000044bd  PWMTiva_init                                                      
00000cbd  PWMTiva_open                                                      
00001df9  PWMTiva_setDuty                                                   
00005035  PWM_Params_init                                                   
00006dd4  PWM_config                                                        
000070b0  PWM_defaultParams                                                 
0000418d  PWM_init                                                          
000044ed  PWM_open                                                          
UNDEFED   SHT$$INIT_ARRAY$$Base                                             
UNDEFED   SHT$$INIT_ARRAY$$Limit                                            
00004f39  SysCtlPWMClockSet                                                 
000042e1  SysCtlPeripheralEnable                                            
00000000  __ASM__                                                           
200012c0  __CIOBUF_                                                         
0000006e  __ISA__                                                           
00000081  __PLAT__                                                          
20001d40  __STACK_END                                                       
00000300  __STACK_SIZE                                                      
000000a2  __TARG__                                                          
00007428  __TI_CINIT_Base                                                   
00007440  __TI_CINIT_Limit                                                  
0000740c  __TI_Handler_Table_Base                                           
00007418  __TI_Handler_Table_Limit                                          
0000268d  __TI_auto_init                                                    
00003187  __TI_decompress_lzss                                              
00005137  __TI_decompress_none                                              
ffffffff  __TI_pprof_out_hndl                                               
ffffffff  __TI_prof_data_size                                               
ffffffff  __TI_prof_data_start                                              
00004315  __TI_readmsg                                                      
00007238  __TI_static_base__                                                
000041c5  __TI_writemsg                                                     
000051a5  __TI_zero_init                                                    
000000c8  __TRDR__                                                          
00002d8d  __aeabi_idiv0                                                     
00002d8d  __aeabi_ldiv0                                                     
00002e0d  __aeabi_memclr                                                    
00002e0d  __aeabi_memclr4                                                   
00002e0d  __aeabi_memclr8                                                   
000027cd  __aeabi_memcpy                                                    
000027cd  __aeabi_memcpy4                                                   
000027cd  __aeabi_memcpy8                                                   
00002e0f  __aeabi_memset                                                    
00002e0f  __aeabi_memset4                                                   
00002e0f  __aeabi_memset8                                                   
00004011  __aeabi_uidiv                                                     
00004011  __aeabi_uidivmod                                                  
ffffffff  __binit__                                                         
ffffffff  __c_args__                                                        
20001a40  __stack                                                           
20000000  __start___llvm_prf_cnts                                           
20000000  __stop___llvm_prf_cnts                                            
00004e05  _args_main                                                        
000037a9  _c_int00                                                          
200019b8  _lock                                                             
00002903  _nop                                                              
0000518d  _register_lock                                                    
00005199  _register_unlock                                                  
200019bc  _unlock                                                           
000007bd  abort                                                             
ffffffff  binit                                                             
00003b41  copy_in                                                           
000009b5  distSensorFxn                                                     
20001600  distSensorTask                                                    
20000cc0  distSensorTask_Stack                                              
200014f0  distSensorTask_Struct                                             
20000360  gpioCallbackFunctions                                             
20001930  gpioPinConfigs                                                    
20001998  headLiftServoDutyInc                                              
0000252d  headSideToSideFxn                                                 
20001608  headSideToSideTask                                                
20000ec0  headSideToSide_Stack                                              
20001540  headSideToSide_Struct                                             
20001994  headTurnServoDutyInc                                              
000031f1  headUpAndDownFxn                                                  
2000160c  headUpAndDownTask                                                 
200010c0  headUpAndDown_Stack                                               
20001590  headUpAndDown_Struct                                              
0000123d  main                                                              
20001a24  main_func_sp                                                      
000027cd  memcpy                                                            
00002e15  memset                                                            
2000199c  mouthOpenCloseServoDutyInc                                        
200015f8  parmbuf                                                           
00001c11  pulseDuration                                                     
00006e5c  pwmTivaHWAttrs                                                    
200015e0  pwmTivaObjects                                                    
20001990  state                                                             
00004f4d  strlen                                                            
000070dc  ti_catalog_arm_cortexm4_tiva_ce_Boot_A_mustUseEnhancedClockMode__C
000070e0  ti_catalog_arm_cortexm4_tiva_ce_Boot_Module__diagsEnabled__C      
000070e4  ti_catalog_arm_cortexm4_tiva_ce_Boot_Module__diagsIncluded__C     
000070e8  ti_catalog_arm_cortexm4_tiva_ce_Boot_Module__diagsMask__C         
00006c22  ti_catalog_arm_cortexm4_tiva_ce_Boot_Module__id__C                
00005169  ti_catalog_arm_cortexm4_tiva_ce_Boot_init__I                      
00001821  ti_catalog_arm_cortexm4_tiva_ce_Boot_sysCtlClockSetI__I           
00002905  ti_catalog_arm_cortexm4_tiva_ce_Boot_sysCtlClockSet__E            
000052a3  ti_catalog_arm_cortexm4_tiva_ce_Boot_sysCtlDelayI__I              
200018d8  ti_sysbios_BIOS_Module__state__V                                  
00004d69  ti_sysbios_BIOS_RtsGateProxy_Handle__label__S                     
0000496d  ti_sysbios_BIOS_RtsGateProxy_Object__delete__S                    
00000b45  ti_sysbios_BIOS_RtsGateProxy_enter__E                             
00000e2d  ti_sysbios_BIOS_RtsGateProxy_leave__E                             
000052e9  ti_sysbios_BIOS_RtsGateProxy_query__E                             
0000451d  ti_sysbios_BIOS_atExitFunc__I                                     
000048dd  ti_sysbios_BIOS_errorRaiseHook__I                                 
00004ef9  ti_sysbios_BIOS_exitFunc__I                                       
00005049  ti_sysbios_BIOS_getCpuFreq__E                                     
00002d8f  ti_sysbios_BIOS_nullFunc__I                                       
00004901  ti_sysbios_BIOS_registerRTSLock__I                                
00004925  ti_sysbios_BIOS_removeRTSLock__I                                  
00004ab5  ti_sysbios_BIOS_rtsLock__I                                        
00004e1d  ti_sysbios_BIOS_rtsUnlock__I                                      
00005059  ti_sysbios_BIOS_setThreadType__E                                  
00004949  ti_sysbios_BIOS_startFunc__I                                      
00005069  ti_sysbios_BIOS_start__E                                          
2000184c  ti_sysbios_family_arm_lm4_Timer_Module_State_0_device__A          
20001948  ti_sysbios_family_arm_lm4_Timer_Module_State_0_handles__A         
00004e35  ti_sysbios_family_arm_lm4_Timer_Module__startupDone__F            
00004e35  ti_sysbios_family_arm_lm4_Timer_Module__startupDone__S            
200019a0  ti_sysbios_family_arm_lm4_Timer_Module__state__V                  
00003329  ti_sysbios_family_arm_lm4_Timer_Module_startup__E                 
200017a0  ti_sysbios_family_arm_lm4_Timer_Object__table__V                  
000070ec  ti_sysbios_family_arm_lm4_Timer_enableFunc__C                     
00003cc9  ti_sysbios_family_arm_lm4_Timer_enableTimers__I                   
000025e1  ti_sysbios_family_arm_lm4_Timer_enableTiva__I                     
000051b1  ti_sysbios_family_arm_lm4_Timer_getMaxTicks__E                    
000038b1  ti_sysbios_family_arm_lm4_Timer_initDevice__I                     
00003e31  ti_sysbios_family_arm_lm4_Timer_isrStub__E                        
00005275  ti_sysbios_family_arm_lm4_Timer_masterDisable__I                  
00000f95  ti_sysbios_family_arm_lm4_Timer_masterEnable__I                   
000070f0  ti_sysbios_family_arm_lm4_Timer_numTimerDevices__C                
00001719  ti_sysbios_family_arm_lm4_Timer_start__E                          
000070f4  ti_sysbios_family_arm_lm4_Timer_startupNeeded__C                  
00004051  ti_sysbios_family_arm_lm4_Timer_startup__E                        
00004551  ti_sysbios_family_arm_lm4_Timer_stop__E                           
00004a71  ti_sysbios_family_arm_lm4_Timer_write__I                          
000070f8  ti_sysbios_family_arm_m3_Hwi_E_NMI__C                             
000070fc  ti_sysbios_family_arm_m3_Hwi_E_alreadyDefined__C                  
00007100  ti_sysbios_family_arm_m3_Hwi_E_busFault__C                        
00007104  ti_sysbios_family_arm_m3_Hwi_E_debugMon__C                        
00007108  ti_sysbios_family_arm_m3_Hwi_E_hardFault__C                       
0000710c  ti_sysbios_family_arm_m3_Hwi_E_memFault__C                        
00007110  ti_sysbios_family_arm_m3_Hwi_E_noIsr__C                           
00007114  ti_sysbios_family_arm_m3_Hwi_E_reserved__C                        
[...]
00005149  ti_sysbios_knl_Idle_loop__E                                       
00005159  ti_sysbios_knl_Queue_empty__E                                     
00005169  ti_catalog_arm_cortexm4_tiva_ce_Boot_init__I                      
00005175  PWMGenDisable                                                     
00005181  PWMGenEnable                                                      
0000518d  _register_lock                                                    
00005199  _register_unlock                                                  
000051a5  __TI_zero_init                                                    
000051b1  ti_sysbios_family_arm_lm4_Timer_getMaxTicks__E                    
000051bd  ti_sysbios_family_arm_m3_Hwi_Params__init__S                      
000051bd  ti_sysbios_hal_Hwi_HwiProxy_Params__init__S                       
000051c9  ti_sysbios_family_arm_m3_Hwi_disableFxn__E                        
000051c9  ti_sysbios_hal_Hwi_HwiProxy_disable__E                            
000051d9  ti_sysbios_family_arm_m3_TaskSupport_checkStack__E                
000051d9  ti_sysbios_knl_Task_SupportProxy_checkStack__E                    
000051e9  ti_sysbios_family_arm_m3_TaskSupport_getStackAlignment__E         
000051e9  ti_sysbios_knl_Task_SupportProxy_getStackAlignment__E             
000051f9  ti_sysbios_gates_GateHwi_enter__E                                 
00005205  ti_sysbios_knl_Queue_Object__get__S                               
00005211  ti_sysbios_knl_Task_Params__init__S                               
00005229  xdc_runtime_Error_init__E                                         
00005235  xdc_runtime_Gate_enterSystem__E                                   
00005241  xdc_runtime_Memory_calloc__E                                      
0000524d  xdc_runtime_Memory_getMaxDefaultTypeAlign__E                      
00005259  xdc_runtime_Memory_HeapProxy_alloc__E                             
00005263  xdc_runtime_Memory_HeapProxy_free__E                              
0000526d  EK_TM4C123GXL_initGPIO                                            
00005275  ti_sysbios_family_arm_lm4_Timer_masterDisable__I                  
00005281  ti_sysbios_family_arm_m3_Hwi_doSwiRestore__I                      
00005289  ti_sysbios_family_arm_m3_Hwi_startup__E                           
00005289  ti_sysbios_hal_Hwi_HwiProxy_startup__E                            
00005289  ti_sysbios_hal_Hwi_startup__E                                     
00005291  GPIOIntClear                                                      
00005297  GPIOPinRead                                                       
0000529d  GPIOPinWrite                                                      
000052a3  ti_catalog_arm_cortexm4_tiva_ce_Boot_sysCtlDelayI__I              
000052a9  ti_sysbios_family_arm_m3_Hwi_doTaskRestore__I                     
000052b1  ti_sysbios_family_arm_m3_Hwi_restoreFxn__E                        
000052b1  ti_sysbios_hal_Hwi_HwiProxy_restore__E                            
000052b9  ti_sysbios_gates_GateHwi_leave__E                                 
000052c1  ti_sysbios_heaps_HeapMem_isBlocking__E                            
000052c9  ti_sysbios_knl_Queue_Instance_init__E                             
000052d1  ti_sysbios_knl_Swi_startup__E                                     
000052d7  xdc_runtime_System_Module_startup__E                              
000052e1  ti_sysbios_gates_GateHwi_query__E                                 
000052e1  xdc_runtime_Main_Module_GateProxy_query__E                        
000052e1  xdc_runtime_System_Module_GateProxy_query__E                      
000052e9  ti_sysbios_BIOS_RtsGateProxy_query__E                             
000052e9  ti_sysbios_gates_GateMutex_query__E                               
000052e9  ti_sysbios_heaps_HeapMem_Module_GateProxy_query__E                
000052f1  ti_sysbios_knl_Task_startup__E                                    
000052f9  ti_sysbios_gates_GateHwi_Instance_init__E                         
00005301  ti_sysbios_knl_Clock_logTick__E                                   
00005304  xdc_runtime_Text_charTab__A                                       
00006b65  xdc_runtime_Error_policy__C                                       
00006b66  xdc_runtime_Text_nodeTab__A                                       
00006c22  ti_catalog_arm_cortexm4_tiva_ce_Boot_Module__id__C                
00006d98  ti_sysbios_knl_Task_Object__PARAMS__C                             
00006dd4  PWM_config                                                        
00006e04  ti_sysbios_family_arm_m3_Hwi_Object__PARAMS__C                    
00006e34  ti_sysbios_heaps_HeapMem_Module__FXNS__C                          
00006e5c  pwmTivaHWAttrs                                                    
00006e80  ti_sysbios_gates_GateHwi_Module__FXNS__C                          
00006ea4  ti_sysbios_gates_GateMutex_Module__FXNS__C                        
00006ec8  ti_sysbios_heaps_HeapMem_Object__PARAMS__C                        
00006eec  ti_sysbios_knl_Semaphore_Object__PARAMS__C                        
00006f10  PWMTiva_fxnTable                                                  
00006f2c  PWMTiva_MAX_PRESCALAR                                             
00006f2e  PWMTiva_MAX_MATCH_VALUE                                           
00006f30  ti_sysbios_family_arm_m3_Hwi_Object__DESC__C                      
00006f50  ti_sysbios_gates_GateHwi_Object__DESC__C                          
00006f70  ti_sysbios_gates_GateMutex_Object__DESC__C                        
00006f90  ti_sysbios_heaps_HeapMem_Object__DESC__C                          
00006fb0  ti_sysbios_knl_Queue_Object__DESC__C                              
00006fd0  ti_sysbios_knl_Semaphore_Object__DESC__C                          
00006ff0  ti_sysbios_knl_Task_Object__DESC__C                               
00007010  xdc_runtime_Startup_sfxnTab__A                                    
00007030  ti_sysbios_gates_GateHwi_Object__PARAMS__C                        
00007048  ti_sysbios_gates_GateMutex_Object__PARAMS__C                      
00007060  ti_sysbios_knl_Queue_Object__PARAMS__C                            
00007078  GPIOTiva_config                                                   
0000708c  xdc_runtime_Startup_firstFxns__A                                  
000070a0  xdc_runtime_Startup_sfxnRts__A                                    
000070b0  PWM_defaultParams                                                 
000070bc  ti_sysbios_family_arm_m3_Hwi_excHookFuncs__A                      
000070c4  ti_sysbios_knl_Idle_funcList__C                                   
000070cc  xdc_runtime_Startup_firstFxns__C                                  
000070d4  xdc_runtime_Startup_lastFxns__C                                   
000070dc  ti_catalog_arm_cortexm4_tiva_ce_Boot_A_mustUseEnhancedClockMode__C
000070e0  ti_catalog_arm_cortexm4_tiva_ce_Boot_Module__diagsEnabled__C      
000070e4  ti_catalog_arm_cortexm4_tiva_ce_Boot_Module__diagsIncluded__C     
000070e8  ti_catalog_arm_cortexm4_tiva_ce_Boot_Module__diagsMask__C         
000070ec  ti_sysbios_family_arm_lm4_Timer_enableFunc__C                     
000070f0  ti_sysbios_family_arm_lm4_Timer_numTimerDevices__C                
000070f4  ti_sysbios_family_arm_lm4_Timer_startupNeeded__C                  
000070f8  ti_sysbios_family_arm_m3_Hwi_E_NMI__C                             
000070fc  ti_sysbios_family_arm_m3_Hwi_E_alreadyDefined__C                  
00007100  ti_sysbios_family_arm_m3_Hwi_E_busFault__C                        
00007104  ti_sysbios_family_arm_m3_Hwi_E_debugMon__C                        
00007108  ti_sysbios_family_arm_m3_Hwi_E_hardFault__C                       
0000710c  ti_sysbios_family_arm_m3_Hwi_E_memFault__C                        
00007110  ti_sysbios_family_arm_m3_Hwi_E_noIsr__C                           
00007114  ti_sysbios_family_arm_m3_Hwi_E_reserved__C                        
00007118  ti_sysbios_family_arm_m3_Hwi_E_svCall__C                          
0000711c  ti_sysbios_family_arm_m3_Hwi_E_usageFault__C                      
00007120  ti_sysbios_family_arm_m3_Hwi_NUM_INTERRUPTS__C                    
00007124  ti_sysbios_family_arm_m3_Hwi_Object__count__C                     
00007128  ti_sysbios_family_arm_m3_Hwi_ccr__C                               
0000712c  ti_sysbios_family_arm_m3_Hwi_excHandlerFunc__C                    
00007130  ti_sysbios_family_arm_m3_Hwi_excHookFuncs__C                      
00007134  ti_sysbios_family_arm_m3_Hwi_nullIsrFunc__C                       
00007138  ti_sysbios_family_arm_m3_Hwi_priGroup__C                          
0000713c  ti_sysbios_family_arm_m3_TaskSupport_stackAlignment__C            
00007140  ti_sysbios_gates_GateMutex_Instance_State_sem__O                  
00007144  ti_sysbios_hal_Hwi_E_stackOverflow__C                             
00007148  ti_sysbios_heaps_HeapMem_E_memory__C                              
0000714c  ti_sysbios_heaps_HeapMem_Module__gateObj__C                       
00007150  ti_sysbios_heaps_HeapMem_Object__count__C                         
00007154  ti_sysbios_heaps_HeapMem_reqAlign__C                              
00007158  ti_sysbios_knl_Clock_Module_State_clockQ__O                       
0000715c  ti_sysbios_knl_Clock_tickPeriod__C                                
00007160  ti_sysbios_knl_Idle_funcList__A                                   
00007164  ti_sysbios_knl_Semaphore_Instance_State_pendQ__O                  
00007168  ti_sysbios_knl_Swi_Object__count__C                               
0000716c  ti_sysbios_knl_Task_E_spOutOfBounds__C                            
00007170  ti_sysbios_knl_Task_E_stackOverflow__C                            
00007174  ti_sysbios_knl_Task_Module_State_inactiveQ__O                     
00007178  ti_sysbios_knl_Task_Object__count__C                              
0000717c  ti_sysbios_knl_Task_allBlockedFunc__C                             
00007180  ti_sysbios_knl_Task_defaultStackHeap__C                           
00007184  ti_sysbios_knl_Task_defaultStackSize__C                           
00007188  ti_sysbios_knl_Task_numConstructedTasks__C                        
0000718c  xdc_runtime_Assert_E_assertFailed__C                              
00007190  xdc_runtime_Core_A_initializedParams__C                           
00007194  xdc_runtime_Core_Module__diagsEnabled__C                          
00007198  xdc_runtime_Core_Module__diagsIncluded__C                         
0000719c  xdc_runtime_Core_Module__diagsMask__C                             
000071a0  xdc_runtime_Error_E_memory__C                                     
000071a4  xdc_runtime_Error_Module__diagsEnabled__C                         
000071a8  xdc_runtime_Error_Module__diagsIncluded__C                        
000071ac  xdc_runtime_Error_Module__diagsMask__C                            
000071b0  xdc_runtime_Error_Module__loggerFxn8__C                           
000071b4  xdc_runtime_Error_Module__loggerObj__C                            
000071b8  xdc_runtime_Error_policyFxn__C                                    
000071bc  xdc_runtime_Error_raiseHook__C                                    
000071c0  xdc_runtime_IGateProvider_Interface__BASE__C                      
000071c4  xdc_runtime_IHeap_Interface__BASE__C                              
000071c8  xdc_runtime_IModule_Interface__BASE__C                            
000071cc  xdc_runtime_Log_L_error__C                                        
000071d0  xdc_runtime_Memory_defaultHeapInstance__C                         
000071d4  xdc_runtime_Startup_execImpl__C                                   
000071d8  xdc_runtime_Startup_maxPasses__C                                  
000071dc  xdc_runtime_Startup_sfxnRts__C                                    
000071e0  xdc_runtime_Startup_sfxnTab__C                                    
000071e4  xdc_runtime_SysMin_bufSize__C                                     
000071e8  xdc_runtime_SysMin_outputFunc__C                                  
000071ec  xdc_runtime_System_Module__gateObj__C                             
000071f0  xdc_runtime_System_abortFxn__C                                    
000071f4  xdc_runtime_System_exitFxn__C                                     
000071f8  xdc_runtime_System_extendFxn__C                                   
000071fc  xdc_runtime_System_maxAtexitHandlers__C                           
00007200  xdc_runtime_Text_charTab__C                                       
00007204  xdc_runtime_Text_nameEmpty__C                                     
00007208  xdc_runtime_Text_nameStatic__C                                    
0000720c  xdc_runtime_Text_nameUnknown__C                                   
00007210  xdc_runtime_Text_nodeTab__C                                       
00007214  xdc_runtime_Text_visitRopeFxn__C                                  
00007218  ti_sysbios_family_arm_m3_Hwi_Module__id__C                        
0000721a  ti_sysbios_hal_Hwi_Module__id__C                                  
0000721c  ti_sysbios_heaps_HeapMem_Module__id__C                            
0000721e  ti_sysbios_knl_Task_Module__id__C                                 
00007220  xdc_runtime_Core_Module__id__C                                    
00007222  xdc_runtime_Error_Module__loggerDefined__C                        
00007224  xdc_runtime_Error_maxDepth__C                                     
00007226  xdc_runtime_Memory_Module__id__C                                  
00007228  xdc_runtime_SysMin_flushAtExit__C                                 
0000722a  xdc_runtime_Text_charCnt__C                                       
0000722c  xdc_runtime_Text_isLoaded__C                                      
0000722e  xdc_runtime_Text_registryModsLastId__C                            
00007230  xdc_runtime_Text_unnamedModsLastId__C                             
00007238  __TI_static_base__                                                
0000740c  __TI_Handler_Table_Base                                           
00007418  __TI_Handler_Table_Limit                                          
00007428  __TI_CINIT_Base                                                   
00007440  __TI_CINIT_Limit                                                  
20000000  __start___llvm_prf_cnts                                           
20000000  __stop___llvm_prf_cnts                                            
20000000  ti_sysbios_family_arm_m3_Hwi_ramVectors                           
20000360  gpioCallbackFunctions                                             
20000360  ti_sysbios_heaps_HeapMem_Instance_State_0_buf__A                  
20000760  ti_sysbios_family_arm_m3_Hwi_dispatchTable                        
20000ac0  ti_sysbios_knl_Task_Instance_State_0_stack__A                     
20000cc0  distSensorTask_Stack                                              
20000ec0  headSideToSide_Stack                                              
200010c0  headUpAndDown_Stack                                               
200012c0  __CIOBUF_                                                         
20001470  xdc_runtime_SysMin_Module_State_0_outbuf__A                       
200014f0  distSensorTask_Struct                                             
20001540  headSideToSide_Struct                                             
20001590  headUpAndDown_Struct                                              
200015e0  pwmTivaObjects                                                    
200015f8  parmbuf                                                           
20001600  distSensorTask                                                    
20001608  headSideToSideTask                                                
2000160c  headUpAndDownTask                                                 
20001610  ti_sysbios_knl_Swi_Module_State_0_readyQ__A                       
20001690  ti_sysbios_knl_Task_Module_State_0_readyQ__A                      
20001710  ti_sysbios_knl_Task_Object__table__V                              
2000175c  ti_sysbios_knl_Task_Module__state__V                              
200017a0  ti_sysbios_family_arm_lm4_Timer_Object__table__V                  
200017e0  ti_sysbios_gates_GateMutex_Object__table__V                       
20001818  ti_sysbios_family_arm_m3_Hwi_Module__state__V                     
2000184c  ti_sysbios_family_arm_lm4_Timer_Module_State_0_device__A          
2000187c  ti_sysbios_knl_Swi_Object__table__V                               
200018ac  ti_sysbios_knl_Clock_Module__state__V                             
200018d8  ti_sysbios_BIOS_Module__state__V                                  
200018fc  ti_sysbios_knl_Swi_Module__state__V                               
20001930  gpioPinConfigs                                                    
20001948  ti_sysbios_family_arm_lm4_Timer_Module_State_0_handles__A         
20001960  ti_sysbios_family_arm_m3_Hwi_Object__table__V                     
20001978  ti_sysbios_heaps_HeapMem_Object__table__V                         
20001990  state                                                             
20001994  headTurnServoDutyInc                                              
20001998  headLiftServoDutyInc                                              
2000199c  mouthOpenCloseServoDutyInc                                        
200019a0  ti_sysbios_family_arm_lm4_Timer_Module__state__V                  
200019ac  xdc_runtime_SysMin_Module__state__V                               
200019b8  _lock                                                             
200019bc  _unlock                                                           
200019c0  ti_sysbios_family_arm_m3_Hwi_Module__root__V                      
200019c8  ti_sysbios_gates_GateHwi_Module__root__V                          
200019d0  ti_sysbios_gates_GateMutex_Module__root__V                        
200019d8  ti_sysbios_heaps_HeapMem_Module__root__V                          
200019e0  ti_sysbios_knl_Queue_Module__root__V                              
200019e8  ti_sysbios_knl_Semaphore_Module__root__V                          
200019f0  ti_sysbios_knl_Task_Module__root__V                               
200019f8  xdc_runtime_Registry_Module__state__V                             
20001a00  xdc_runtime_Startup_Module__state__V                              
20001a08  xdc_runtime_System_Module_State_0_atexitHandlers__A               
20001a10  xdc_runtime_System_Module__state__V                               
20001a1e  ti_sysbios_family_arm_m3_Hwi_Module_State_0_excActive__A          
20001a24  main_func_sp                                                      
20001a28  ti_sysbios_family_arm_m3_Hwi_Module_State_0_excContext__A         
20001a2c  ti_sysbios_family_arm_m3_Hwi_Module_State_0_excStack__A           
20001a30  ti_sysbios_gates_GateHwi_Object__table__V                         
20001a34  ti_sysbios_knl_Task_Module_State_0_idleTask__A                    
20001a38  xdc_runtime_Memory_Module__state__V                               
20001a3c  xdc_runtime_Error_Module__state__V                                
20001a40  __stack                                                           
20001d40  __STACK_END                                                       
e000e000  ti_sysbios_family_arm_m3_Hwi_nvic                                 
ffffffff  __TI_pprof_out_hndl                                               
ffffffff  __TI_prof_data_size                                               
ffffffff  __TI_prof_data_start                                              
ffffffff  __binit__                                                         
ffffffff  __c_args__                                                        
ffffffff  binit                                                             
UNDEFED   SHT$$INIT_ARRAY$$Base                                             
UNDEFED   SHT$$INIT_ARRAY$$Limit                                            

[560 symbols]
